Archive member included to satisfy reference by file (symbol)

/home/totsugekitai/minOS/edk2/Build/LoaderPkgX64/NOOPT_GCC5/X64/MdePkg/Library/BaseMemoryLib/BaseMemoryLib/OUTPUT/BaseMemoryLib.lib(SetMem.obj)
                              (--whole-archive)
/home/totsugekitai/minOS/edk2/Build/LoaderPkgX64/NOOPT_GCC5/X64/MdePkg/Library/BaseMemoryLib/BaseMemoryLib/OUTPUT/BaseMemoryLib.lib(ScanMem64Wrapper.obj)
                              (--whole-archive)
/home/totsugekitai/minOS/edk2/Build/LoaderPkgX64/NOOPT_GCC5/X64/MdePkg/Library/BaseMemoryLib/BaseMemoryLib/OUTPUT/BaseMemoryLib.lib(ScanMem32Wrapper.obj)
                              (--whole-archive)
/home/totsugekitai/minOS/edk2/Build/LoaderPkgX64/NOOPT_GCC5/X64/MdePkg/Library/BaseMemoryLib/BaseMemoryLib/OUTPUT/BaseMemoryLib.lib(ScanMem16Wrapper.obj)
                              (--whole-archive)
/home/totsugekitai/minOS/edk2/Build/LoaderPkgX64/NOOPT_GCC5/X64/MdePkg/Library/BaseMemoryLib/BaseMemoryLib/OUTPUT/BaseMemoryLib.lib(ScanMem8Wrapper.obj)
                              (--whole-archive)
/home/totsugekitai/minOS/edk2/Build/LoaderPkgX64/NOOPT_GCC5/X64/MdePkg/Library/BaseMemoryLib/BaseMemoryLib/OUTPUT/BaseMemoryLib.lib(ZeroMemWrapper.obj)
                              (--whole-archive)
/home/totsugekitai/minOS/edk2/Build/LoaderPkgX64/NOOPT_GCC5/X64/MdePkg/Library/BaseMemoryLib/BaseMemoryLib/OUTPUT/BaseMemoryLib.lib(CompareMemWrapper.obj)
                              (--whole-archive)
/home/totsugekitai/minOS/edk2/Build/LoaderPkgX64/NOOPT_GCC5/X64/MdePkg/Library/BaseMemoryLib/BaseMemoryLib/OUTPUT/BaseMemoryLib.lib(SetMem64Wrapper.obj)
                              (--whole-archive)
/home/totsugekitai/minOS/edk2/Build/LoaderPkgX64/NOOPT_GCC5/X64/MdePkg/Library/BaseMemoryLib/BaseMemoryLib/OUTPUT/BaseMemoryLib.lib(SetMem32Wrapper.obj)
                              (--whole-archive)
/home/totsugekitai/minOS/edk2/Build/LoaderPkgX64/NOOPT_GCC5/X64/MdePkg/Library/BaseMemoryLib/BaseMemoryLib/OUTPUT/BaseMemoryLib.lib(SetMem16Wrapper.obj)
                              (--whole-archive)
/home/totsugekitai/minOS/edk2/Build/LoaderPkgX64/NOOPT_GCC5/X64/MdePkg/Library/BaseMemoryLib/BaseMemoryLib/OUTPUT/BaseMemoryLib.lib(SetMemWrapper.obj)
                              (--whole-archive)
/home/totsugekitai/minOS/edk2/Build/LoaderPkgX64/NOOPT_GCC5/X64/MdePkg/Library/BaseMemoryLib/BaseMemoryLib/OUTPUT/BaseMemoryLib.lib(CopyMemWrapper.obj)
                              (--whole-archive)
/home/totsugekitai/minOS/edk2/Build/LoaderPkgX64/NOOPT_GCC5/X64/MdePkg/Library/BaseMemoryLib/BaseMemoryLib/OUTPUT/BaseMemoryLib.lib(IsZeroBufferWrapper.obj)
                              (--whole-archive)
/home/totsugekitai/minOS/edk2/Build/LoaderPkgX64/NOOPT_GCC5/X64/MdePkg/Library/BaseMemoryLib/BaseMemoryLib/OUTPUT/BaseMemoryLib.lib(MemLibGeneric.obj)
                              (--whole-archive)
/home/totsugekitai/minOS/edk2/Build/LoaderPkgX64/NOOPT_GCC5/X64/MdePkg/Library/BaseMemoryLib/BaseMemoryLib/OUTPUT/BaseMemoryLib.lib(MemLibGuid.obj)
                              (--whole-archive)
/home/totsugekitai/minOS/edk2/Build/LoaderPkgX64/NOOPT_GCC5/X64/MdePkg/Library/BaseMemoryLib/BaseMemoryLib/OUTPUT/BaseMemoryLib.lib(CopyMem.obj)
                              (--whole-archive)
/home/totsugekitai/minOS/edk2/Build/LoaderPkgX64/NOOPT_GCC5/X64/MdePkg/Library/BasePcdLibNull/BasePcdLibNull/OUTPUT/BasePcdLibNull.lib(PcdLib.obj)
                              (--whole-archive)
/home/totsugekitai/minOS/edk2/Build/LoaderPkgX64/NOOPT_GCC5/X64/MdePkg/Library/BaseLib/BaseLib/OUTPUT/BaseLib.lib(CheckSum.obj)
                              (--whole-archive)
/home/totsugekitai/minOS/edk2/Build/LoaderPkgX64/NOOPT_GCC5/X64/MdePkg/Library/BaseLib/BaseLib/OUTPUT/BaseLib.lib(SwitchStack.obj)
                              (--whole-archive)
/home/totsugekitai/minOS/edk2/Build/LoaderPkgX64/NOOPT_GCC5/X64/MdePkg/Library/BaseLib/BaseLib/OUTPUT/BaseLib.lib(SwapBytes64.obj)
                              (--whole-archive)
/home/totsugekitai/minOS/edk2/Build/LoaderPkgX64/NOOPT_GCC5/X64/MdePkg/Library/BaseLib/BaseLib/OUTPUT/BaseLib.lib(SwapBytes32.obj)
                              (--whole-archive)
/home/totsugekitai/minOS/edk2/Build/LoaderPkgX64/NOOPT_GCC5/X64/MdePkg/Library/BaseLib/BaseLib/OUTPUT/BaseLib.lib(SwapBytes16.obj)
                              (--whole-archive)
/home/totsugekitai/minOS/edk2/Build/LoaderPkgX64/NOOPT_GCC5/X64/MdePkg/Library/BaseLib/BaseLib/OUTPUT/BaseLib.lib(LongJump.obj)
                              (--whole-archive)
/home/totsugekitai/minOS/edk2/Build/LoaderPkgX64/NOOPT_GCC5/X64/MdePkg/Library/BaseLib/BaseLib/OUTPUT/BaseLib.lib(SetJump.obj)
                              (--whole-archive)
/home/totsugekitai/minOS/edk2/Build/LoaderPkgX64/NOOPT_GCC5/X64/MdePkg/Library/BaseLib/BaseLib/OUTPUT/BaseLib.lib(RShiftU64.obj)
                              (--whole-archive)
[...]
Memory Configuration

Name             Origin             Length             Attributes
*default*        0x0000000000000000 0xffffffffffffffff

Linker script and memory map

START GROUP
LOAD /home/totsugekitai/minOS/edk2/Build/LoaderPkgX64/NOOPT_GCC5/X64/MdePkg/Library/BaseMemoryLib/BaseMemoryLib/OUTPUT/BaseMemoryLib.lib
LOAD /home/totsugekitai/minOS/edk2/Build/LoaderPkgX64/NOOPT_GCC5/X64/MdePkg/Library/BasePcdLibNull/BasePcdLibNull/OUTPUT/BasePcdLibNull.lib
LOAD /home/totsugekitai/minOS/edk2/Build/LoaderPkgX64/NOOPT_GCC5/X64/MdePkg/Library/BaseLib/BaseLib/OUTPUT/BaseLib.lib
LOAD /home/totsugekitai/minOS/edk2/Build/LoaderPkgX64/NOOPT_GCC5/X64/MdePkg/Library/BaseDebugLibNull/BaseDebugLibNull/OUTPUT/BaseDebugLibNull.lib
LOAD /home/totsugekitai/minOS/edk2/Build/LoaderPkgX64/NOOPT_GCC5/X64/MdePkg/Library/UefiBootServicesTableLib/UefiBootServicesTableLib/OUTPUT/UefiBootServicesTableLib.lib
LOAD /home/totsugekitai/minOS/edk2/Build/LoaderPkgX64/NOOPT_GCC5/X64/MdePkg/Library/UefiMemoryAllocationLib/UefiMemoryAllocationLib/OUTPUT/UefiMemoryAllocationLib.lib
LOAD /home/totsugekitai/minOS/edk2/Build/LoaderPkgX64/NOOPT_GCC5/X64/MdePkg/Library/BasePrintLib/BasePrintLib/OUTPUT/BasePrintLib.lib
LOAD /home/totsugekitai/minOS/edk2/Build/LoaderPkgX64/NOOPT_GCC5/X64/MdePkg/Library/UefiRuntimeServicesTableLib/UefiRuntimeServicesTableLib/OUTPUT/UefiRuntimeServicesTableLib.lib
LOAD /home/totsugekitai/minOS/edk2/Build/LoaderPkgX64/NOOPT_GCC5/X64/MdePkg/Library/UefiDevicePathLib/UefiDevicePathLib/OUTPUT/UefiDevicePathLib.lib
LOAD /home/totsugekitai/minOS/edk2/Build/LoaderPkgX64/NOOPT_GCC5/X64/MdePkg/Library/UefiLib/UefiLib/OUTPUT/UefiLib.lib
LOAD /home/totsugekitai/minOS/edk2/Build/LoaderPkgX64/NOOPT_GCC5/X64/MdePkg/Library/UefiApplicationEntryPoint/UefiApplicationEntryPoint/OUTPUT/UefiApplicationEntryPoint.lib
LOAD /home/totsugekitai/minOS/edk2/Build/LoaderPkgX64/NOOPT_GCC5/X64/LoaderPkg/Applications/MinLoader/MinLoader/OUTPUT/MinLoader.lib
END GROUP
                0x0000000000000228                PECOFF_HEADER_SIZE = 0x228
                0x0000000000000228                . = PECOFF_HEADER_SIZE

.text           0x0000000000000240      0xc40
 *(.text .text.* .stub .gnu.linkonce.t.*)
 .text.DebugPrint
                0x0000000000000240       0x17 /home/totsugekitai/minOS/edk2/Build/LoaderPkgX64/NOOPT_GCC5/X64/MdePkg/Library/BaseDebugLibNull/BaseDebugLibNull/OUTPUT/BaseDebugLibNull.lib(DebugLib.obj)
                0x0000000000000240                DebugPrint
 .text.DebugAssert
                0x0000000000000257       0x13 /home/totsugekitai/minOS/edk2/Build/LoaderPkgX64/NOOPT_GCC5/X64/MdePkg/Library/BaseDebugLibNull/BaseDebugLibNull/OUTPUT/BaseDebugLibNull.lib(DebugLib.obj)
                0x0000000000000257                DebugAssert
 .text.DebugAssertEnabled
                0x000000000000026a        0xb /home/totsugekitai/minOS/edk2/Build/LoaderPkgX64/NOOPT_GCC5/X64/MdePkg/Library/BaseDebugLibNull/BaseDebugLibNull/OUTPUT/BaseDebugLibNull.lib(DebugLib.obj)
                0x000000000000026a                DebugAssertEnabled
 .text.DebugPrintEnabled
                0x0000000000000275        0xb /home/totsugekitai/minOS/edk2/Build/LoaderPkgX64/NOOPT_GCC5/X64/MdePkg/Library/BaseDebugLibNull/BaseDebugLibNull/OUTPUT/BaseDebugLibNull.lib(DebugLib.obj)
                0x0000000000000275                DebugPrintEnabled
 .text.DebugPrintLevelEnabled
                0x0000000000000280        0xf /home/totsugekitai/minOS/edk2/Build/LoaderPkgX64/NOOPT_GCC5/X64/MdePkg/Library/BaseDebugLibNull/BaseDebugLibNull/OUTPUT/BaseDebugLibNull.lib(DebugLib.obj)
                0x0000000000000280                DebugPrintLevelEnabled
 .text.UefiBootServicesTableLibConstructor
                0x000000000000028f       0xc3 /home/totsugekitai/minOS/edk2/Build/LoaderPkgX64/NOOPT_GCC5/X64/MdePkg/Library/UefiBootServicesTableLib/UefiBootServicesTableLib/OUTPUT/UefiBootServicesTableLib.lib(UefiBootServicesTableLib.obj)
                0x000000000000028f                UefiBootServicesTableLibConstructor
 .text.UefiRuntimeServicesTableLibConstructor
                0x0000000000000352       0x53 /home/totsugekitai/minOS/edk2/Build/LoaderPkgX64/NOOPT_GCC5/X64/MdePkg/Library/UefiRuntimeServicesTableLib/UefiRuntimeServicesTableLib/OUTPUT/UefiRuntimeServicesTableLib.lib(UefiRuntimeServicesTableLib.obj)
                0x0000000000000352                UefiRuntimeServicesTableLibConstructor
 .text.UefiLibConstructor
                0x00000000000003a5       0x13 /home/totsugekitai/minOS/edk2/Build/LoaderPkgX64/NOOPT_GCC5/X64/MdePkg/Library/UefiLib/UefiLib/OUTPUT/UefiLib.lib(UefiLib.obj)
                0x00000000000003a5                UefiLibConstructor
 .text._ModuleEntryPoint
                0x00000000000003b8       0x71 /home/totsugekitai/minOS/edk2/Build/LoaderPkgX64/NOOPT_GCC5/X64/MdePkg/Library/UefiApplicationEntryPoint/UefiApplicationEntryPoint/OUTPUT/UefiApplicationEntryPoint.lib(ApplicationEntryPoint.obj)
                0x00000000000003b8                _ModuleEntryPoint
 .text.Uefi_Main
                0x0000000000000429      0x65e /home/totsugekitai/minOS/edk2/Build/LoaderPkgX64/NOOPT_GCC5/X64/LoaderPkg/Applications/MinLoader/MinLoader/OUTPUT/MinLoader.lib(MinLoader.obj)
                0x0000000000000429                Uefi_Main
 .text.IsEqualGUID
                0x0000000000000a87       0x5c /home/totsugekitai/minOS/edk2/Build/LoaderPkgX64/NOOPT_GCC5/X64/LoaderPkg/Applications/MinLoader/MinLoader/OUTPUT/MinLoader.lib(MinLoader.obj)
                0x0000000000000a87                IsEqualGUID
 .text          0x0000000000000ae3        0x2 /home/totsugekitai/minOS/edk2/Build/LoaderPkgX64/NOOPT_GCC5/X64/LoaderPkg/Applications/MinLoader/MinLoader/OUTPUT/MinLoader.lib(kernel_jump.obj)
                0x0000000000000ae3                kernel_jump
 .text.ProcessLibraryConstructorList
                0x0000000000000ae5      0x15a /home/totsugekitai/minOS/edk2/Build/LoaderPkgX64/NOOPT_GCC5/X64/LoaderPkg/Applications/MinLoader/MinLoader/OUTPUT/MinLoader.lib(AutoGen.obj)
                0x0000000000000ae5                ProcessLibraryConstructorList
 .text.ProcessLibraryDestructorList
                0x0000000000000c3f        0xf /home/totsugekitai/minOS/edk2/Build/LoaderPkgX64/NOOPT_GCC5/X64/LoaderPkg/Applications/MinLoader/MinLoader/OUTPUT/MinLoader.lib(AutoGen.obj)
                0x0000000000000c3f                ProcessLibraryDestructorList
 .text.ProcessModuleEntryPointList
                0x0000000000000c4e       0x22 /home/totsugekitai/minOS/edk2/Build/LoaderPkgX64/NOOPT_GCC5/X64/LoaderPkg/Applications/MinLoader/MinLoader/OUTPUT/MinLoader.lib(AutoGen.obj)
                0x0000000000000c4e                ProcessModuleEntryPointList
 *(.rodata .rodata.* .gnu.linkonce.r.*)
 .rodata        0x0000000000000c70       0xa9 /home/totsugekitai/minOS/edk2/Build/LoaderPkgX64/NOOPT_GCC5/X64/MdePkg/Library/UefiBootServicesTableLib/UefiBootServicesTableLib/OUTPUT/UefiBootServicesTableLib.lib(UefiBootServicesTableLib.obj)
 *fill*         0x0000000000000d19        0x7 
 .rodata        0x0000000000000d20       0x7f /home/totsugekitai/minOS/edk2/Build/LoaderPkgX64/NOOPT_GCC5/X64/MdePkg/Library/UefiRuntimeServicesTableLib/UefiRuntimeServicesTableLib/OUTPUT/UefiRuntimeServicesTableLib.lib(UefiRuntimeServicesTableLib.obj)
 *fill*         0x0000000000000d9f        0x1 
 .rodata        0x0000000000000da0       0x16 /home/totsugekitai/minOS/edk2/Build/LoaderPkgX64/NOOPT_GCC5/X64/LoaderPkg/Applications/MinLoader/MinLoader/OUTPUT/MinLoader.lib(MinLoader.obj)
 *fill*         0x0000000000000db6        0x2 
 .rodata        0x0000000000000db8       0xc3 /home/totsugekitai/minOS/edk2/Build/LoaderPkgX64/NOOPT_GCC5/X64/LoaderPkg/Applications/MinLoader/MinLoader/OUTPUT/MinLoader.lib(AutoGen.obj)
 *fill*         0x0000000000000e7b        0x1 
 .rodata._gUefiDriverRevision
                0x0000000000000e7c        0x4 /home/totsugekitai/minOS/edk2/Build/LoaderPkgX64/NOOPT_GCC5/X64/LoaderPkg/Applications/MinLoader/MinLoader/OUTPUT/MinLoader.lib(AutoGen.obj)
                0x0000000000000e7c                _gUefiDriverRevision
 *(.got .got.*)
 .got           0x0000000000000e80        0x0 /home/totsugekitai/minOS/edk2/Build/LoaderPkgX64/NOOPT_GCC5/X64/MdePkg/Library/BaseMemoryLib/BaseMemoryLib/OUTPUT/BaseMemoryLib.lib(SetMem.obj)
 .got.plt       0x0000000000000e80        0x0 /home/totsugekitai/minOS/edk2/Build/LoaderPkgX64/NOOPT_GCC5/X64/MdePkg/Library/BaseMemoryLib/BaseMemoryLib/OUTPUT/BaseMemoryLib.lib(SetMem.obj)
 *:AutoGen.obj(.data.g*Guid)

.plt            0x0000000000000e80        0x0
 .plt           0x0000000000000e80        0x0 /home/totsugekitai/minOS/edk2/Build/LoaderPkgX64/NOOPT_GCC5/X64/MdePkg/Library/BaseMemoryLib/BaseMemoryLib/OUTPUT/BaseMemoryLib.lib(SetMem.obj)

.plt.got        0x0000000000000e80        0x0
 .plt.got       0x0000000000000e80        0x0 /home/totsugekitai/minOS/edk2/Build/LoaderPkgX64/NOOPT_GCC5/X64/MdePkg/Library/BaseMemoryLib/BaseMemoryLib/OUTPUT/BaseMemoryLib.lib(SetMem.obj)

.data           0x0000000000000e80       0x20
 *(.data .data.* .gnu.linkonce.d.*)
 .data.rel.ro   0x0000000000000e80        0x0 /home/totsugekitai/minOS/edk2/Build/LoaderPkgX64/NOOPT_GCC5/X64/MdePkg/Library/BaseMemoryLib/BaseMemoryLib/OUTPUT/BaseMemoryLib.lib(SetMem.obj)
 *(.bss .bss.*)
 .bss.gImageHandle
                0x0000000000000e80        0x8 /home/totsugekitai/minOS/edk2/Build/LoaderPkgX64/NOOPT_GCC5/X64/MdePkg/Library/UefiBootServicesTableLib/UefiBootServicesTableLib/OUTPUT/UefiBootServicesTableLib.lib(UefiBootServicesTableLib.obj)
                0x0000000000000e80                gImageHandle
 .bss.gST       0x0000000000000e88        0x8 /home/totsugekitai/minOS/edk2/Build/LoaderPkgX64/NOOPT_GCC5/X64/MdePkg/Library/UefiBootServicesTableLib/UefiBootServicesTableLib/OUTPUT/UefiBootServicesTableLib.lib(UefiBootServicesTableLib.obj)
                0x0000000000000e88                gST
 .bss.gBS       0x0000000000000e90        0x8 /home/totsugekitai/minOS/edk2/Build/LoaderPkgX64/NOOPT_GCC5/X64/MdePkg/Library/UefiBootServicesTableLib/UefiBootServicesTableLib/OUTPUT/UefiBootServicesTableLib.lib(UefiBootServicesTableLib.obj)
                0x0000000000000e90                gBS
 .bss.gRT       0x0000000000000e98        0x8 /home/totsugekitai/minOS/edk2/Build/LoaderPkgX64/NOOPT_GCC5/X64/MdePkg/Library/UefiRuntimeServicesTableLib/UefiRuntimeServicesTableLib/OUTPUT/UefiRuntimeServicesTableLib.lib(UefiRuntimeServicesTableLib.obj)
                0x0000000000000e98                gRT

.eh_frame       0x0000000000000ec0        0x0
 *(.eh_frame)
 .eh_frame      0x0000000000000ec0        0x0 /home/totsugekitai/minOS/edk2/Build/LoaderPkgX64/NOOPT_GCC5/X64/MdePkg/Library/BaseMemoryLib/BaseMemoryLib/OUTPUT/BaseMemoryLib.lib(SetMem.obj)
 .eh_frame      0x0000000000000ec0        0x0 /home/totsugekitai/minOS/edk2/Build/LoaderPkgX64/NOOPT_GCC5/X64/MdePkg/Library/BaseMemoryLib/BaseMemoryLib/OUTPUT/BaseMemoryLib.lib(SetMem.obj)

.dynbss         0x0000000000000ec0        0x0
 .dynbss        0x0000000000000ec0        0x0 /home/totsugekitai/minOS/edk2/Build/LoaderPkgX64/NOOPT_GCC5/X64/MdePkg/Library/BaseMemoryLib/BaseMemoryLib/OUTPUT/BaseMemoryLib.lib(SetMem.obj)

.gnu.version_d  0x0000000000000ec0        0x0
 .gnu.version_d
                0x0000000000000ec0        0x0 /home/totsugekitai/minOS/edk2/Build/LoaderPkgX64/NOOPT_GCC5/X64/MdePkg/Library/BaseMemoryLib/BaseMemoryLib/OUTPUT/BaseMemoryLib.lib(SetMem.obj)

.gnu.version    0x0000000000000ec0        0x0
 .gnu.version   0x0000000000000ec0        0x0 /home/totsugekitai/minOS/edk2/Build/LoaderPkgX64/NOOPT_GCC5/X64/MdePkg/Library/BaseMemoryLib/BaseMemoryLib/OUTPUT/BaseMemoryLib.lib(SetMem.obj)

.gnu.version_r  0x0000000000000ec0        0x0
 .gnu.version_r
                0x0000000000000ec0        0x0 /home/totsugekitai/minOS/edk2/Build/LoaderPkgX64/NOOPT_GCC5/X64/MdePkg/Library/BaseMemoryLib/BaseMemoryLib/OUTPUT/BaseMemoryLib.lib(SetMem.obj)

.rela           0x0000000000000ec0        0x0
 *(.rela .rela.*)
 .rela.plt      0x0000000000000ec0        0x0 /home/totsugekitai/minOS/edk2/Build/LoaderPkgX64/NOOPT_GCC5/X64/MdePkg/Library/BaseMemoryLib/BaseMemoryLib/OUTPUT/BaseMemoryLib.lib(SetMem.obj)
 .rela.got      0x0000000000000ec0        0x0 /home/totsugekitai/minOS/edk2/Build/LoaderPkgX64/NOOPT_GCC5/X64/MdePkg/Library/BaseMemoryLib/BaseMemoryLib/OUTPUT/BaseMemoryLib.lib(SetMem.obj)
 .rela.bss      0x0000000000000ec0        0x0 /home/totsugekitai/minOS/edk2/Build/LoaderPkgX64/NOOPT_GCC5/X64/MdePkg/Library/BaseMemoryLib/BaseMemoryLib/OUTPUT/BaseMemoryLib.lib(SetMem.obj)
 .rela.data.rel.ro
                0x0000000000000ec0        0x0 /home/totsugekitai/minOS/edk2/Build/LoaderPkgX64/NOOPT_GCC5/X64/MdePkg/Library/BaseMemoryLib/BaseMemoryLib/OUTPUT/BaseMemoryLib.lib(SetMem.obj)
 .rela.ifunc    0x0000000000000ec0        0x0 /home/totsugekitai/minOS/edk2/Build/LoaderPkgX64/NOOPT_GCC5/X64/MdePkg/Library/BaseMemoryLib/BaseMemoryLib/OUTPUT/BaseMemoryLib.lib(SetMem.obj)

.hii
 *(.hii)

.build-id       0x0000000000000ec0       0x24
 *(.note.gnu.build-id)
 .note.gnu.build-id
                0x0000000000000ec0       0x24 /home/totsugekitai/minOS/edk2/Build/LoaderPkgX64/NOOPT_GCC5/X64/MdePkg/Library/BaseMemoryLib/BaseMemoryLib/OUTPUT/BaseMemoryLib.lib(SetMem.obj)

/DISCARD/
 *(.note.GNU-stack)
 *(.gnu_debuglink)
 *(.interp)
 *(.dynsym)
 *(.dynstr)
 *(.dynamic)
 *(.hash .gnu.hash)
 *(.comment)
 *(COMMON)
OUTPUT(/home/totsugekitai/minOS/edk2/Build/LoaderPkgX64/NOOPT_GCC5/X64/LoaderPkg/Applications/MinLoader/MinLoader/DEBUG/MinLoader.dll elf64-x86-64)

.debug_info     0x0000000000000000     0xb912
 .debug_info    0x0000000000000000      0x41e /home/totsugekitai/minOS/edk2/Build/LoaderPkgX64/NOOPT_GCC5/X64/MdePkg/Library/BaseDebugLibNull/BaseDebugLibNull/OUTPUT/BaseDebugLibNull.lib(DebugLib.obj)
 .debug_info    0x000000000000041e     0x18a0 /home/totsugekitai/minOS/edk2/Build/LoaderPkgX64/NOOPT_GCC5/X64/MdePkg/Library/UefiBootServicesTableLib/UefiBootServicesTableLib/OUTPUT/UefiBootServicesTableLib.lib(UefiBootServicesTableLib.obj)
 .debug_info    0x0000000000001cbe     0x1862 /home/totsugekitai/minOS/edk2/Build/LoaderPkgX64/NOOPT_GCC5/X64/MdePkg/Library/UefiRuntimeServicesTableLib/UefiRuntimeServicesTableLib/OUTPUT/UefiRuntimeServicesTableLib.lib(UefiRuntimeServicesTableLib.obj)
 .debug_info    0x0000000000003520     0x29e8 /home/totsugekitai/minOS/edk2/Build/LoaderPkgX64/NOOPT_GCC5/X64/MdePkg/Library/UefiLib/UefiLib/OUTPUT/UefiLib.lib(UefiLib.obj)
 .debug_info    0x0000000000005f08     0x18f6 /home/totsugekitai/minOS/edk2/Build/LoaderPkgX64/NOOPT_GCC5/X64/MdePkg/Library/UefiApplicationEntryPoint/UefiApplicationEntryPoint/OUTPUT/UefiApplicationEntryPoint.lib(ApplicationEntryPoint.obj)
 .debug_info    0x00000000000077fe     0x2368 /home/totsugekitai/minOS/edk2/Build/LoaderPkgX64/NOOPT_GCC5/X64/LoaderPkg/Applications/MinLoader/MinLoader/OUTPUT/MinLoader.lib(MinLoader.obj)
 .debug_info    0x0000000000009b66     0x1dac /home/totsugekitai/minOS/edk2/Build/LoaderPkgX64/NOOPT_GCC5/X64/LoaderPkg/Applications/MinLoader/MinLoader/OUTPUT/MinLoader.lib(AutoGen.obj)

.debug_abbrev   0x0000000000000000      0xd51
 .debug_abbrev  0x0000000000000000      0x126 /home/totsugekitai/minOS/edk2/Build/LoaderPkgX64/NOOPT_GCC5/X64/MdePkg/Library/BaseDebugLibNull/BaseDebugLibNull/OUTPUT/BaseDebugLibNull.lib(DebugLib.obj)
 .debug_abbrev  0x0000000000000126      0x1c6 /home/totsugekitai/minOS/edk2/Build/LoaderPkgX64/NOOPT_GCC5/X64/MdePkg/Library/UefiBootServicesTableLib/UefiBootServicesTableLib/OUTPUT/UefiBootServicesTableLib.lib(UefiBootServicesTableLib.obj)
 .debug_abbrev  0x00000000000002ec      0x1ae /home/totsugekitai/minOS/edk2/Build/LoaderPkgX64/NOOPT_GCC5/X64/MdePkg/Library/UefiRuntimeServicesTableLib/UefiRuntimeServicesTableLib/OUTPUT/UefiRuntimeServicesTableLib.lib(UefiRuntimeServicesTableLib.obj)
 .debug_abbrev  0x000000000000049a      0x26e /home/totsugekitai/minOS/edk2/Build/LoaderPkgX64/NOOPT_GCC5/X64/MdePkg/Library/UefiLib/UefiLib/OUTPUT/UefiLib.lib(UefiLib.obj)
 .debug_abbrev  0x0000000000000708      0x1f3 /home/totsugekitai/minOS/edk2/Build/LoaderPkgX64/NOOPT_GCC5/X64/MdePkg/Library/UefiApplicationEntryPoint/UefiApplicationEntryPoint/OUTPUT/UefiApplicationEntryPoint.lib(ApplicationEntryPoint.obj)
 .debug_abbrev  0x00000000000008fb      0x202 /home/totsugekitai/minOS/edk2/Build/LoaderPkgX64/NOOPT_GCC5/X64/LoaderPkg/Applications/MinLoader/MinLoader/OUTPUT/MinLoader.lib(MinLoader.obj)
 .debug_abbrev  0x0000000000000afd      0x254 /home/totsugekitai/minOS/edk2/Build/LoaderPkgX64/NOOPT_GCC5/X64/LoaderPkg/Applications/MinLoader/MinLoader/OUTPUT/MinLoader.lib(AutoGen.obj)

.debug_aranges  0x0000000000000000      0x400
 .debug_aranges
                0x0000000000000000       0xc0 /home/totsugekitai/minOS/edk2/Build/LoaderPkgX64/NOOPT_GCC5/X64/MdePkg/Library/BaseDebugLibNull/BaseDebugLibNull/OUTPUT/BaseDebugLibNull.lib(DebugLib.obj)
 .debug_aranges
                0x00000000000000c0       0x30 /home/totsugekitai/minOS/edk2/Build/LoaderPkgX64/NOOPT_GCC5/X64/MdePkg/Library/UefiBootServicesTableLib/UefiBootServicesTableLib/OUTPUT/UefiBootServicesTableLib.lib(UefiBootServicesTableLib.obj)
 .debug_aranges
                0x00000000000000f0       0x30 /home/totsugekitai/minOS/edk2/Build/LoaderPkgX64/NOOPT_GCC5/X64/MdePkg/Library/UefiRuntimeServicesTableLib/UefiRuntimeServicesTableLib/OUTPUT/UefiRuntimeServicesTableLib.lib(UefiRuntimeServicesTableLib.obj)
 .debug_aranges
                0x0000000000000120      0x1e0 /home/totsugekitai/minOS/edk2/Build/LoaderPkgX64/NOOPT_GCC5/X64/MdePkg/Library/UefiLib/UefiLib/OUTPUT/UefiLib.lib(UefiLib.obj)
 .debug_aranges
                0x0000000000000300       0x50 /home/totsugekitai/minOS/edk2/Build/LoaderPkgX64/NOOPT_GCC5/X64/MdePkg/Library/UefiApplicationEntryPoint/UefiApplicationEntryPoint/OUTPUT/UefiApplicationEntryPoint.lib(ApplicationEntryPoint.obj)
 .debug_aranges
                0x0000000000000350       0x40 /home/totsugekitai/minOS/edk2/Build/LoaderPkgX64/NOOPT_GCC5/X64/LoaderPkg/Applications/MinLoader/MinLoader/OUTPUT/MinLoader.lib(MinLoader.obj)
 .debug_aranges
                0x0000000000000390       0x70 /home/totsugekitai/minOS/edk2/Build/LoaderPkgX64/NOOPT_GCC5/X64/LoaderPkg/Applications/MinLoader/MinLoader/OUTPUT/MinLoader.lib(AutoGen.obj)

.debug_ranges   0x0000000000000000      0x390
 .debug_ranges  0x0000000000000000       0xb0 /home/totsugekitai/minOS/edk2/Build/LoaderPkgX64/NOOPT_GCC5/X64/MdePkg/Library/BaseDebugLibNull/BaseDebugLibNull/OUTPUT/BaseDebugLibNull.lib(DebugLib.obj)
 .debug_ranges  0x00000000000000b0       0x20 /home/totsugekitai/minOS/edk2/Build/LoaderPkgX64/NOOPT_GCC5/X64/MdePkg/Library/UefiBootServicesTableLib/UefiBootServicesTableLib/OUTPUT/UefiBootServicesTableLib.lib(UefiBootServicesTableLib.obj)
 .debug_ranges  0x00000000000000d0       0x20 /home/totsugekitai/minOS/edk2/Build/LoaderPkgX64/NOOPT_GCC5/X64/MdePkg/Library/UefiRuntimeServicesTableLib/UefiRuntimeServicesTableLib/OUTPUT/UefiRuntimeServicesTableLib.lib(UefiRuntimeServicesTableLib.obj)
 .debug_ranges  0x00000000000000f0      0x1d0 /home/totsugekitai/minOS/edk2/Build/LoaderPkgX64/NOOPT_GCC5/X64/MdePkg/Library/UefiLib/UefiLib/OUTPUT/UefiLib.lib(UefiLib.obj)
 .debug_ranges  0x00000000000002c0       0x40 /home/totsugekitai/minOS/edk2/Build/LoaderPkgX64/NOOPT_GCC5/X64/MdePkg/Library/UefiApplicationEntryPoint/UefiApplicationEntryPoint/OUTPUT/UefiApplicationEntryPoint.lib(ApplicationEntryPoint.obj)
 .debug_ranges  0x0000000000000300       0x30 /home/totsugekitai/minOS/edk2/Build/LoaderPkgX64/NOOPT_GCC5/X64/LoaderPkg/Applications/MinLoader/MinLoader/OUTPUT/MinLoader.lib(MinLoader.obj)
 .debug_ranges  0x0000000000000330       0x60 /home/totsugekitai/minOS/edk2/Build/LoaderPkgX64/NOOPT_GCC5/X64/LoaderPkg/Applications/MinLoader/MinLoader/OUTPUT/MinLoader.lib(AutoGen.obj)

.debug_line     0x0000000000000000     0x20d3
 .debug_line    0x0000000000000000      0x23f /home/totsugekitai/minOS/edk2/Build/LoaderPkgX64/NOOPT_GCC5/X64/MdePkg/Library/BaseDebugLibNull/BaseDebugLibNull/OUTPUT/BaseDebugLibNull.lib(DebugLib.obj)
 .debug_line    0x000000000000023f      0x376 /home/totsugekitai/minOS/edk2/Build/LoaderPkgX64/NOOPT_GCC5/X64/MdePkg/Library/UefiBootServicesTableLib/UefiBootServicesTableLib/OUTPUT/UefiBootServicesTableLib.lib(UefiBootServicesTableLib.obj)
 .debug_line    0x00000000000005b5      0x311 /home/totsugekitai/minOS/edk2/Build/LoaderPkgX64/NOOPT_GCC5/X64/MdePkg/Library/UefiRuntimeServicesTableLib/UefiRuntimeServicesTableLib/OUTPUT/UefiRuntimeServicesTableLib.lib(UefiRuntimeServicesTableLib.obj)
 .debug_line    0x00000000000008c6      0xc09 /home/totsugekitai/minOS/edk2/Build/LoaderPkgX64/NOOPT_GCC5/X64/MdePkg/Library/UefiLib/UefiLib/OUTPUT/UefiLib.lib(UefiLib.obj)
 .debug_line    0x00000000000014cf      0x3a0 /home/totsugekitai/minOS/edk2/Build/LoaderPkgX64/NOOPT_GCC5/X64/MdePkg/Library/UefiApplicationEntryPoint/UefiApplicationEntryPoint/OUTPUT/UefiApplicationEntryPoint.lib(ApplicationEntryPoint.obj)
 .debug_line    0x000000000000186f      0x4ad /home/totsugekitai/minOS/edk2/Build/LoaderPkgX64/NOOPT_GCC5/X64/LoaderPkg/Applications/MinLoader/MinLoader/OUTPUT/MinLoader.lib(MinLoader.obj)
 .debug_line    0x0000000000001d1c      0x3b7 /home/totsugekitai/minOS/edk2/Build/LoaderPkgX64/NOOPT_GCC5/X64/LoaderPkg/Applications/MinLoader/MinLoader/OUTPUT/MinLoader.lib(AutoGen.obj)

.debug_str      0x0000000000000000     0x2c59
 .debug_str     0x0000000000000000      0x4c5 /home/totsugekitai/minOS/edk2/Build/LoaderPkgX64/NOOPT_GCC5/X64/MdePkg/Library/BaseDebugLibNull/BaseDebugLibNull/OUTPUT/BaseDebugLibNull.lib(DebugLib.obj)
                                        0x538 (size before relaxing)
 .debug_str     0x00000000000004c5     0x1264 /home/totsugekitai/minOS/edk2/Build/LoaderPkgX64/NOOPT_GCC5/X64/MdePkg/Library/UefiBootServicesTableLib/UefiBootServicesTableLib/OUTPUT/UefiBootServicesTableLib.lib(UefiBootServicesTableLib.obj)
                                       0x166d (size before relaxing)
 .debug_str     0x0000000000001729      0x115 /home/totsugekitai/minOS/edk2/Build/LoaderPkgX64/NOOPT_GCC5/X64/MdePkg/Library/UefiRuntimeServicesTableLib/UefiRuntimeServicesTableLib/OUTPUT/UefiRuntimeServicesTableLib.lib(UefiRuntimeServicesTableLib.obj)
                                       0x166f (size before relaxing)
 .debug_str     0x000000000000183e      0xae3 /home/totsugekitai/minOS/edk2/Build/LoaderPkgX64/NOOPT_GCC5/X64/MdePkg/Library/UefiLib/UefiLib/OUTPUT/UefiLib.lib(UefiLib.obj)
                                       0x2180 (size before relaxing)
 .debug_str     0x0000000000002321      0x111 /home/totsugekitai/minOS/edk2/Build/LoaderPkgX64/NOOPT_GCC5/X64/MdePkg/Library/UefiApplicationEntryPoint/UefiApplicationEntryPoint/OUTPUT/UefiApplicationEntryPoint.lib(ApplicationEntryPoint.obj)
                                       0x167f (size before relaxing)
 .debug_str     0x0000000000002432      0x5cd /home/totsugekitai/minOS/edk2/Build/LoaderPkgX64/NOOPT_GCC5/X64/LoaderPkg/Applications/MinLoader/MinLoader/OUTPUT/MinLoader.lib(MinLoader.obj)
                                       0x1f8e (size before relaxing)
 .debug_str     0x00000000000029ff      0x25a /home/totsugekitai/minOS/edk2/Build/LoaderPkgX64/NOOPT_GCC5/X64/LoaderPkg/Applications/MinLoader/MinLoader/OUTPUT/MinLoader.lib(AutoGen.obj)
                                       0x1b5d (size before relaxing)

.debug_frame    0x0000000000000000      0x968
 .debug_frame   0x0000000000000000      0x1a8 /home/totsugekitai/minOS/edk2/Build/LoaderPkgX64/NOOPT_GCC5/X64/MdePkg/Library/BaseDebugLibNull/BaseDebugLibNull/OUTPUT/BaseDebugLibNull.lib(DebugLib.obj)
 .debug_frame   0x00000000000001a8       0x40 /home/totsugekitai/minOS/edk2/Build/LoaderPkgX64/NOOPT_GCC5/X64/MdePkg/Library/UefiBootServicesTableLib/UefiBootServicesTableLib/OUTPUT/UefiBootServicesTableLib.lib(UefiBootServicesTableLib.obj)
 .debug_frame   0x00000000000001e8       0x40 /home/totsugekitai/minOS/edk2/Build/LoaderPkgX64/NOOPT_GCC5/X64/MdePkg/Library/UefiRuntimeServicesTableLib/UefiRuntimeServicesTableLib/OUTPUT/UefiRuntimeServicesTableLib.lib(UefiRuntimeServicesTableLib.obj)
 .debug_frame   0x0000000000000228      0x540 /home/totsugekitai/minOS/edk2/Build/LoaderPkgX64/NOOPT_GCC5/X64/MdePkg/Library/UefiLib/UefiLib/OUTPUT/UefiLib.lib(UefiLib.obj)
 .debug_frame   0x0000000000000768       0x90 /home/totsugekitai/minOS/edk2/Build/LoaderPkgX64/NOOPT_GCC5/X64/MdePkg/Library/UefiApplicationEntryPoint/UefiApplicationEntryPoint/OUTPUT/UefiApplicationEntryPoint.lib(ApplicationEntryPoint.obj)
 .debug_frame   0x00000000000007f8       0x90 /home/totsugekitai/minOS/edk2/Build/LoaderPkgX64/NOOPT_GCC5/X64/LoaderPkg/Applications/MinLoader/MinLoader/OUTPUT/MinLoader.lib(MinLoader.obj)
 .debug_frame   0x0000000000000888       0xe0 /home/totsugekitai/minOS/edk2/Build/LoaderPkgX64/NOOPT_GCC5/X64/LoaderPkg/Applications/MinLoader/MinLoader/OUTPUT/MinLoader.lib(AutoGen.obj)
