
Discarded input sections

 .eh_frame      0x0000000000000000       0x58 core/kernel.o
 .eh_frame      0x0000000000000000       0xc0 graphics/graphics.o
 .eh_frame      0x0000000000000000       0x38 util/util.o
 .eh_frame      0x0000000000000000       0x38 init/bss.o
 .eh_frame      0x0000000000000000       0x38 mm/segmentation.o
 .eh_frame      0x0000000000000000       0x38 mm/paging.o
 .eh_frame      0x0000000000000000       0x38 interrupt/interrupt.o
 .eh_frame      0x0000000000000000       0x38 interrupt/fault_handler.o

Memory Configuration

Name             Origin             Length             Attributes
HEAD             0x0000000000000000 0x00000000000e1000 xrw
BODY             0x0000000000110000 0x0000000000100000 xrw
*default*        0x0000000000000000 0xffffffffffffffff

Linker script and memory map


.body           0x0000000000110000     0x1540
 *(.text)
 .text          0x0000000000110000      0x43a core/kernel.o
                0x0000000000110000                start_kernel
                0x000000000011012e                main_routine
 .text          0x000000000011043a      0x703 graphics/graphics.o
                0x000000000011043a                _draw_dot
                0x00000000001104ae                draw_square
                0x000000000011054b                putchar
                0x0000000000110745                putstr
                0x00000000001107c1                putnum
 .text          0x0000000000110b3d       0x40 util/util.o
                0x0000000000110b3d                pow
 .text          0x0000000000110b7d       0x54 init/bss.o
                0x0000000000110b7d                init_bss
 .text          0x0000000000110bd1       0x4f mm/segmentation.o
                0x0000000000110bd1                make_segment_descriptor
 .text          0x0000000000110c20       0x18 mm/load_gdt.o
                0x0000000000110c20                load_gdt
 .text          0x0000000000110c38       0x34 mm/set_segment_register.o
                0x0000000000110c38                set_segment_register
                0x0000000000110c63                main_label
 .text          0x0000000000110c6c        0xb mm/load_pgtable.o
                0x0000000000110c6c                load_pgtable
 .text          0x0000000000110c77      0x128 mm/paging.o
                0x0000000000110c77                create_pgtable
 .text          0x0000000000110d9f       0x1f debug/debug.o
                0x0000000000110d9f                insert_to_reg
                0x0000000000110da3                get_cr3
                0x0000000000110da7                get_cr4
                0x0000000000110dab                get_efer
                0x0000000000110db3                generate_gp
 .text          0x0000000000110dbe       0x18 interrupt/load_idt.o
                0x0000000000110dbe                load_idt
 .text          0x0000000000110dd6       0x59 interrupt/interrupt.o
                0x0000000000110dd6                make_gate_descriptor
 .text          0x0000000000110e2f       0x3a interrupt/fault_handler.o
                0x0000000000110e2f                gp_handler
 .text          0x0000000000110e69       0x35 interrupt/handler_caller.o
                0x0000000000110e69                general_protection
 *(.rodata*)
 *fill*         0x0000000000110e9e        0x2 
 .rodata        0x0000000000110ea0       0x6e core/kernel.o
 .rodata        0x0000000000110f0e        0x4 interrupt/fault_handler.o
 *(.data*)
 .data          0x0000000000110f12       0x10 core/kernel.o
                0x0000000000110f12                white
                0x0000000000110f16                red
                0x0000000000110f1a                green
                0x0000000000110f1e                blue
 *fill*         0x0000000000110f22       0x1e 
 .data          0x0000000000110f40      0x5f0 graphics/graphics.o
                0x0000000000110f40                fonts
 .data          0x0000000000111530        0x0 util/util.o
 .data          0x0000000000111530        0x0 init/bss.o
 .data          0x0000000000111530        0x0 mm/segmentation.o
 .data          0x0000000000111530        0x0 mm/load_gdt.o
 .data          0x0000000000111530        0x0 mm/set_segment_register.o
 .data          0x0000000000111530        0x0 mm/load_pgtable.o
 .data          0x0000000000111530        0x0 mm/paging.o
 .data          0x0000000000111530        0x0 debug/debug.o
 .data          0x0000000000111530        0x0 interrupt/load_idt.o
 .data          0x0000000000111530        0x0 interrupt/interrupt.o
 .data          0x0000000000111530        0x0 interrupt/fault_handler.o
 .data          0x0000000000111530        0x0 interrupt/handler_caller.o
                0x0000000000111530                __bss_start = .
 *(.bss)
 .bss           0x0000000000111530       0x10 core/kernel.o
                0x0000000000111530                black
                0x0000000000111538                vinfo_global
 .bss           0x0000000000111540        0x0 graphics/graphics.o
 .bss           0x0000000000111540        0x0 util/util.o
 .bss           0x0000000000111540        0x0 init/bss.o
 .bss           0x0000000000111540        0x0 mm/segmentation.o
 .bss           0x0000000000111540        0x0 mm/load_gdt.o
 .bss           0x0000000000111540        0x0 mm/set_segment_register.o
 .bss           0x0000000000111540        0x0 mm/load_pgtable.o
 .bss           0x0000000000111540        0x0 mm/paging.o
 .bss           0x0000000000111540        0x0 debug/debug.o
 .bss           0x0000000000111540        0x0 interrupt/load_idt.o
 .bss           0x0000000000111540        0x0 interrupt/interrupt.o
 .bss           0x0000000000111540        0x0 interrupt/fault_handler.o
 .bss           0x0000000000111540        0x0 interrupt/handler_caller.o
                0x0000000000111540                __bss_end = .

/DISCARD/
 *(.eh_frame)
LOAD core/kernel.o
LOAD graphics/graphics.o
LOAD util/util.o
LOAD init/bss.o
LOAD mm/segmentation.o
LOAD mm/load_gdt.o
LOAD mm/set_segment_register.o
LOAD mm/load_pgtable.o
LOAD mm/paging.o
LOAD debug/debug.o
LOAD interrupt/load_idt.o
LOAD interrupt/interrupt.o
LOAD interrupt/fault_handler.o
LOAD interrupt/handler_caller.o
OUTPUT(kernel.bin binary)

.comment        0x0000000000000000      0x160
 .comment       0x0000000000000000       0x2c core/kernel.o
 .comment       0x000000000000002c       0x2c graphics/graphics.o
 .comment       0x0000000000000058       0x2c util/util.o
 .comment       0x0000000000000084       0x2c init/bss.o
 .comment       0x00000000000000b0       0x2c mm/segmentation.o
 .comment       0x00000000000000dc       0x2c mm/paging.o
 .comment       0x0000000000000108       0x2c interrupt/interrupt.o
 .comment       0x0000000000000134       0x2c interrupt/fault_handler.o

.note.GNU-stack
                0x0000000000000000        0x0
 .note.GNU-stack
                0x0000000000000000        0x0 core/kernel.o
 .note.GNU-stack
                0x0000000000000000        0x0 graphics/graphics.o
 .note.GNU-stack
                0x0000000000000000        0x0 util/util.o
 .note.GNU-stack
                0x0000000000000000        0x0 init/bss.o
 .note.GNU-stack
                0x0000000000000000        0x0 mm/segmentation.o
 .note.GNU-stack
                0x0000000000000000        0x0 mm/paging.o
 .note.GNU-stack
                0x0000000000000000        0x0 interrupt/interrupt.o
 .note.GNU-stack
                0x0000000000000000        0x0 interrupt/fault_handler.o
