
Discarded input sections

 .debug_str     0x0000000000000000      0x2f8 core/kernel.o
 .debug_abbrev  0x0000000000000000       0xdc core/kernel.o
 .debug_info    0x0000000000000000      0x4a5 core/kernel.o
 .debug_ranges  0x0000000000000000        0x0 core/kernel.o
 .debug_macinfo
                0x0000000000000000        0x1 core/kernel.o
 .debug_pubnames
                0x0000000000000000       0xc3 core/kernel.o
 .debug_pubtypes
                0x0000000000000000      0x138 core/kernel.o
 .eh_frame      0x0000000000000000       0xa8 core/kernel.o
 .debug_line    0x0000000000000000      0x1e0 core/kernel.o
 .debug_str     0x0000000000000000      0x1ca graphics/graphics.o
 .debug_abbrev  0x0000000000000000       0xba graphics/graphics.o
 .debug_info    0x0000000000000000      0x49f graphics/graphics.o
 .debug_ranges  0x0000000000000000        0x0 graphics/graphics.o
 .debug_macinfo
                0x0000000000000000        0x1 graphics/graphics.o
 .debug_pubnames
                0x0000000000000000       0x8b graphics/graphics.o
 .debug_pubtypes
                0x0000000000000000       0xcc graphics/graphics.o
 .eh_frame      0x0000000000000000       0xa8 graphics/graphics.o
 .debug_line    0x0000000000000000      0x59e graphics/graphics.o
 .debug_str     0x0000000000000000      0x2ae util/util.o
 .debug_loc     0x0000000000000000       0x39 util/util.o
 .debug_abbrev  0x0000000000000000      0x14d util/util.o
 .debug_info    0x0000000000000000      0x7ef util/util.o
 .debug_ranges  0x0000000000000000        0x0 util/util.o
 .debug_macinfo
                0x0000000000000000        0x1 util/util.o
 .debug_pubnames
                0x0000000000000000      0x19a util/util.o
 .debug_pubtypes
                0x0000000000000000       0xcc util/util.o
 .eh_frame      0x0000000000000000      0x2b8 util/util.o
 .debug_line    0x0000000000000000      0x854 util/util.o
 .debug_str     0x0000000000000000      0x266 init/init_settings.o
 .debug_abbrev  0x0000000000000000       0xbe init/init_settings.o
 .debug_info    0x0000000000000000      0x384 init/init_settings.o
 .debug_ranges  0x0000000000000000        0x0 init/init_settings.o
 .debug_macinfo
                0x0000000000000000        0x1 init/init_settings.o
 .debug_pubnames
                0x0000000000000000       0x7b init/init_settings.o
 .debug_pubtypes
                0x0000000000000000       0xf8 init/init_settings.o
 .eh_frame      0x0000000000000000       0xc0 init/init_settings.o
 .debug_line    0x0000000000000000      0x241 init/init_settings.o
 .debug_str     0x0000000000000000       0xed mm/segmentation.o
 .debug_abbrev  0x0000000000000000       0x64 mm/segmentation.o
 .debug_info    0x0000000000000000       0xb7 mm/segmentation.o
 .debug_ranges  0x0000000000000000        0x0 mm/segmentation.o
 .debug_macinfo
                0x0000000000000000        0x1 mm/segmentation.o
 .debug_pubnames
                0x0000000000000000       0x2e mm/segmentation.o
 .debug_pubtypes
                0x0000000000000000       0x71 mm/segmentation.o
 .eh_frame      0x0000000000000000       0x38 mm/segmentation.o
 .debug_line    0x0000000000000000       0xad mm/segmentation.o
 .debug_str     0x0000000000000000       0xb8 mm/paging.o
 .debug_abbrev  0x0000000000000000       0x69 mm/paging.o
 .debug_info    0x0000000000000000       0xa2 mm/paging.o
 .debug_ranges  0x0000000000000000        0x0 mm/paging.o
 .debug_macinfo
                0x0000000000000000        0x1 mm/paging.o
 .debug_pubnames
                0x0000000000000000       0x25 mm/paging.o
 .debug_pubtypes
                0x0000000000000000       0x4c mm/paging.o
 .eh_frame      0x0000000000000000       0x38 mm/paging.o
 .debug_line    0x0000000000000000      0x110 mm/paging.o
 .debug_str     0x0000000000000000       0xee mm/memory.o
 .debug_abbrev  0x0000000000000000       0x72 mm/memory.o
 .debug_info    0x0000000000000000      0x13d mm/memory.o
 .debug_ranges  0x0000000000000000        0x0 mm/memory.o
 .debug_macinfo
                0x0000000000000000        0x1 mm/memory.o
 .debug_pubnames
                0x0000000000000000       0x3a mm/memory.o
 .debug_pubtypes
                0x0000000000000000       0x71 mm/memory.o
 .eh_frame      0x0000000000000000       0x50 mm/memory.o
 .debug_line    0x0000000000000000      0x151 mm/memory.o
 .debug_str     0x0000000000000000      0x10a interrupt/interrupt.o
 .debug_abbrev  0x0000000000000000       0x95 interrupt/interrupt.o
 .debug_info    0x0000000000000000      0x107 interrupt/interrupt.o
 .debug_ranges  0x0000000000000000        0x0 interrupt/interrupt.o
 .debug_macinfo
                0x0000000000000000        0x1 interrupt/interrupt.o
 .debug_pubnames
                0x0000000000000000       0x38 interrupt/interrupt.o
 .debug_pubtypes
                0x0000000000000000       0x85 interrupt/interrupt.o
 .eh_frame      0x0000000000000000       0x50 interrupt/interrupt.o
 .debug_line    0x0000000000000000       0xf3 interrupt/interrupt.o
 .debug_str     0x0000000000000000       0xe2 interrupt/fault_handlers.o
 .debug_abbrev  0x0000000000000000       0x76 interrupt/fault_handlers.o
 .debug_info    0x0000000000000000       0xf8 interrupt/fault_handlers.o
 .debug_ranges  0x0000000000000000        0x0 interrupt/fault_handlers.o
 .debug_macinfo
                0x0000000000000000        0x1 interrupt/fault_handlers.o
 .debug_pubnames
                0x0000000000000000       0x30 interrupt/fault_handlers.o
 .debug_pubtypes
                0x0000000000000000       0x57 interrupt/fault_handlers.o
 .eh_frame      0x0000000000000000       0xb8 interrupt/fault_handlers.o
 .debug_line    0x0000000000000000      0x168 interrupt/fault_handlers.o
 .debug_str     0x0000000000000000      0x12d interrupt/user_defined_handlers.o
 .debug_abbrev  0x0000000000000000       0x87 interrupt/user_defined_handlers.o
 .debug_info    0x0000000000000000      0x17a interrupt/user_defined_handlers.o
 .debug_ranges  0x0000000000000000        0x0 interrupt/user_defined_handlers.o
 .debug_macinfo
                0x0000000000000000        0x1 interrupt/user_defined_handlers.o
 .debug_pubnames
                0x0000000000000000       0x93 interrupt/user_defined_handlers.o
 .debug_pubtypes
                0x0000000000000000       0x57 interrupt/user_defined_handlers.o
 .eh_frame      0x0000000000000000      0x1a8 interrupt/user_defined_handlers.o
 .debug_line    0x0000000000000000      0x148 interrupt/user_defined_handlers.o
 .debug_str     0x0000000000000000      0x1c2 device/keyinput.o
 .debug_abbrev  0x0000000000000000      0x118 device/keyinput.o
 .debug_info    0x0000000000000000      0x287 device/keyinput.o
 .debug_ranges  0x0000000000000000        0x0 device/keyinput.o
 .debug_macinfo
                0x0000000000000000        0x1 device/keyinput.o
 .debug_pubnames
                0x0000000000000000       0xf8 device/keyinput.o
 .debug_pubtypes
                0x0000000000000000       0xa6 device/keyinput.o
 .eh_frame      0x0000000000000000      0x168 device/keyinput.o
 .debug_line    0x0000000000000000      0x565 device/keyinput.o
 .debug_str     0x0000000000000000      0x192 app/console.o
 .debug_abbrev  0x0000000000000000       0xeb app/console.o
 .debug_info    0x0000000000000000      0x2c2 app/console.o
 .debug_ranges  0x0000000000000000        0x0 app/console.o
 .debug_macinfo
                0x0000000000000000        0x1 app/console.o
 .debug_pubnames
                0x0000000000000000       0xe3 app/console.o
 .debug_pubtypes
                0x0000000000000000       0x8e app/console.o
 .eh_frame      0x0000000000000000       0xc0 app/console.o
 .debug_line    0x0000000000000000      0x3d1 app/console.o
 .debug_str     0x0000000000000000      0x293 acpi/acpi.o
 .debug_abbrev  0x0000000000000000       0xf1 acpi/acpi.o
 .debug_info    0x0000000000000000      0x3c4 acpi/acpi.o
 .debug_ranges  0x0000000000000000        0x0 acpi/acpi.o
 .debug_macinfo
                0x0000000000000000        0x1 acpi/acpi.o
 .debug_pubnames
                0x0000000000000000       0xde acpi/acpi.o
 .debug_pubtypes
                0x0000000000000000       0xd9 acpi/acpi.o
 .eh_frame      0x0000000000000000       0x88 acpi/acpi.o
 .debug_line    0x0000000000000000      0x26b acpi/acpi.o
 .debug_str     0x0000000000000000       0x7d command/echo.o
 .debug_abbrev  0x0000000000000000       0x4d command/echo.o
 .debug_info    0x0000000000000000       0x75 command/echo.o
 .debug_ranges  0x0000000000000000        0x0 command/echo.o
 .debug_macinfo
                0x0000000000000000        0x1 command/echo.o
 .debug_pubnames
                0x0000000000000000       0x1b command/echo.o
 .debug_pubtypes
                0x0000000000000000       0x23 command/echo.o
 .eh_frame      0x0000000000000000       0x38 command/echo.o
 .debug_line    0x0000000000000000       0x7d command/echo.o
 .debug_str     0x0000000000000000       0x93 command/uptime.o
 .debug_abbrev  0x0000000000000000       0x80 command/uptime.o
 .debug_info    0x0000000000000000       0xa4 command/uptime.o
 .debug_ranges  0x0000000000000000        0x0 command/uptime.o
 .debug_macinfo
                0x0000000000000000        0x1 command/uptime.o
 .debug_pubnames
                0x0000000000000000       0x1d command/uptime.o
 .debug_pubtypes
                0x0000000000000000       0x23 command/uptime.o
 .eh_frame      0x0000000000000000       0x38 command/uptime.o
 .debug_line    0x0000000000000000       0x70 command/uptime.o
 .debug_str     0x0000000000000000       0xb9 command/sleep.o
 .debug_abbrev  0x0000000000000000       0x72 command/sleep.o
 .debug_info    0x0000000000000000       0xbc command/sleep.o
 .debug_ranges  0x0000000000000000        0x0 command/sleep.o
 .debug_macinfo
                0x0000000000000000        0x1 command/sleep.o
 .debug_pubnames
                0x0000000000000000       0x1c command/sleep.o
 .debug_pubtypes
                0x0000000000000000       0x55 command/sleep.o
 .eh_frame      0x0000000000000000       0x38 command/sleep.o
 .debug_line    0x0000000000000000       0xcd command/sleep.o
 .debug_str     0x0000000000000000      0x1f7 task/thread.o
 .debug_abbrev  0x0000000000000000       0xf0 task/thread.o
 .debug_info    0x0000000000000000      0x331 task/thread.o
 .debug_ranges  0x0000000000000000        0x0 task/thread.o
 .debug_macinfo
                0x0000000000000000        0x1 task/thread.o
 .debug_pubnames
                0x0000000000000000      0x10d task/thread.o
 .debug_pubtypes
                0x0000000000000000       0x81 task/thread.o
 .eh_frame      0x0000000000000000       0xc0 task/thread.o
 .debug_line    0x0000000000000000      0x1f4 task/thread.o

Memory Configuration

Name             Origin             Length             Attributes
HEAD             0x0000000000000000 0x00000000000e1000 xrw
BODY             0x0000000000110000 0x0000000000100000 xrw
*default*        0x0000000000000000 0xffffffffffffffff

Linker script and memory map


.body           0x0000000000110000    0x37290
 *(.text)
 .text          0x0000000000110000      0x4b9 core/kernel.o
                0x0000000000110000                start_kernel
                0x0000000000110030                main_routine
                0x0000000000110460                task_a
                0x0000000000110480                task_b
                0x00000000001104a0                task_c
 *fill*         0x00000000001104b9        0x7 
 .text          0x00000000001104c0      0x8a7 graphics/graphics.o
                0x00000000001104c0                _draw_dot
                0x0000000000110540                draw_square
                0x0000000000110620                putchar
                0x0000000000110910                putstr
                0x0000000000110990                putnum
 *fill*         0x0000000000110d67        0x9 
 .text          0x0000000000110d70      0xf8c util/util.o
                0x0000000000110d70                memset
                0x0000000000110dd0                memcpy
                0x0000000000110e40                pow
                0x0000000000110ea0                gen_buf_u64
                0x0000000000110f40                buf_u64_isempty
                0x0000000000110f80                buf_u64_isfull
                0x0000000000110fe0                enqueue_u64
                0x0000000000111060                dequeue_u64
                0x00000000001110e0                flush_buf_u64
                0x0000000000111140                gen_buf_char
                0x00000000001111b0                buf_char_isempty
                0x00000000001111e0                buf_char_isfull
                0x0000000000111230                enqueue_char
                0x00000000001112b0                dequeue_char
                0x0000000000111330                flush_buf_char
                0x0000000000111380                flush_array_char
                0x0000000000111400                flush_argv
                0x0000000000111490                comptext
                0x0000000000111570                strncmp
                0x0000000000111610                sprintf
                0x0000000000111690                u64_to_hexstr
                0x0000000000111a50                demchar_to_u64
                0x0000000000111b80                demstr_to_u64
                0x0000000000111ca0                null_to_space
 .text          0x0000000000111cfc       0x60 util/util_asm.o
                0x0000000000111cfc                io_cli
                0x0000000000111cfe                io_sti
                0x0000000000111d00                io_inb
                0x0000000000111d05                io_in32
                0x0000000000111d0a                io_out32
                0x0000000000111d12                io_outb
                0x0000000000111d1a                io_rdmsr
                0x0000000000111d27                io_wrmsr
                0x0000000000111d30                init_irq
                0x0000000000111d57                send_eoi
 *fill*         0x0000000000111d5c        0x4 
 .text          0x0000000000111d60      0x46b init/init_settings.o
                0x0000000000111d60                init_bss
                0x0000000000111dc0                init_global_variables
                0x0000000000111e20                init_gdt
                0x0000000000111ea0                init_paging
                0x0000000000111ed0                init_graphics
                0x0000000000111f80                init_interrupt
 *fill*         0x00000000001121cb        0x5 
 .text          0x00000000001121d0       0x6e mm/segmentation.o
                0x00000000001121d0                make_segment_descriptor
 *fill*         0x000000000011223e        0x2 
 .text          0x0000000000112240      0x11c mm/paging.o
                0x0000000000112240                create_pgtable
 *fill*         0x000000000011235c        0x4 
 .text          0x0000000000112360      0x15c mm/memory.o
                0x0000000000112360                calc_mem_size
                0x00000000001123d0                calc_mem_size_sub
 .text          0x00000000001124bc       0x56 mm/memory_asm.o
                0x00000000001124bc                load_cr0
                0x00000000001124c0                store_cr0
                0x00000000001124c7                load_pgtable
                0x00000000001124d2                load_gdt
                0x00000000001124ea                set_segment_register
                0x000000000011250c                main_label
 .text          0x0000000000112512       0x17 debug/debug.o
                0x0000000000112512                insert_to_reg
                0x0000000000112516                get_cr3
                0x000000000011251a                get_cr4
                0x000000000011251e                get_efer
                0x0000000000112526                generate_gp
 .text          0x0000000000112529       0x18 interrupt/load_idt.o
                0x0000000000112529                load_idt
 *fill*         0x0000000000112541        0xf 
 .text          0x0000000000112550      0x12a interrupt/interrupt.o
                0x0000000000112550                make_gate_descriptor
                0x00000000001125c0                init_pic
 *fill*         0x000000000011267a        0x6 
 .text          0x0000000000112680      0x3c0 interrupt/fault_handlers.o
                0x0000000000112680                gp_handler
                0x0000000000112860                pf_handler
 .text          0x0000000000112a40      0x668 interrupt/user_defined_handlers.o
                0x0000000000112a40                timer_handler
                0x0000000000112be0                keyboard_handler
                0x0000000000112d40                com1_handler
                0x0000000000112eb0                mouse_handler
                0x0000000000113000                empty_handler
 .text          0x00000000001130a8        0x6 device/keyboard.o
                0x00000000001130a8                read_kbd_signal
                0x00000000001130ab                read_kbd_status
 *fill*         0x00000000001130ae        0x2 
 .text          0x00000000001130b0      0xef7 device/keyinput.o
                0x00000000001130b0                init_serial
                0x0000000000113130                serial_received
                0x0000000000113150                wait_serial_input
                0x0000000000113180                read_serial
                0x00000000001131b0                serial_thr_empty
                0x00000000001131d0                write_serial
                0x0000000000113210                puts_serial
                0x0000000000113270                ps2_received
                0x00000000001132b0                read_ps2
                0x00000000001132f0                map_scan_to_ascii_set1
                0x0000000000113770                map_scan_to_ascii_set2
                0x0000000000113bf0                putnum_serial
 *fill*         0x0000000000113fa7        0x9 
 .text          0x0000000000113fb0      0x78c app/console.o
                0x0000000000113fb0                readline_serial
                0x0000000000114140                readline_ps2
                0x00000000001142a0                parse_line
                0x0000000000114480                do_command
                0x0000000000114600                writelines
                0x00000000001146a0                console
 *fill*         0x000000000011473c        0x4 
 .text          0x0000000000114740      0x44f acpi/acpi.o
                0x0000000000114740                get_xsdt_other_table
                0x0000000000114810                wait_milliseconds
                0x0000000000114910                measure_freq
                0x0000000000114990                init_local_APIC
 *fill*         0x0000000000114b8f        0x1 
 .text          0x0000000000114b90       0xa9 command/echo.o
                0x0000000000114b90                echo
 *fill*         0x0000000000114c39        0x7 
 .text          0x0000000000114c40       0x61 command/uptime.o
                0x0000000000114c40                uptime
 *fill*         0x0000000000114ca1        0xf 
 .text          0x0000000000114cb0       0xc4 command/sleep.o
                0x0000000000114cb0                sleep
 *fill*         0x0000000000114d74        0xc 
 .text          0x0000000000114d80      0x3c9 task/thread.o
                0x0000000000114d80                thread_gen
                0x0000000000114e40                thread_run
                0x0000000000114ee0                thread_end
                0x0000000000114f10                threads_init
                0x0000000000114f80                schedule_period_init
                0x0000000000114fa0                thread_scheduler
 *fill*         0x0000000000115149        0x7 
 .text          0x0000000000115150      0x15e task/thread_asm.o
                0x0000000000115150                init_stack
                0x0000000000115210                dispatch
 *(.rodata*)
 .rodata.str1.1
                0x00000000001152ae       0xf5 core/kernel.o
 .rodata.str1.1
                0x00000000001153a3       0x4d interrupt/fault_handlers.o
 .rodata.str1.1
                0x00000000001153f0       0x47 interrupt/user_defined_handlers.o
 *fill*         0x0000000000115437        0x1 
 .rodata        0x0000000000115438      0xf80 device/keyinput.o
 .rodata.str1.1
                0x00000000001163b8       0x67 app/console.o
 *fill*         0x000000000011641f        0x1 
 .rodata        0x0000000000116420        0x8 acpi/acpi.o
                0x0000000000116420                PMTimerFreq
                0x0000000000116424                Max_Count
 .rodata.str1.1
                0x0000000000116428       0xfa acpi/acpi.o
 .rodata.str1.1
                0x0000000000116522       0x22 command/echo.o
 .rodata.str1.1
                0x0000000000116544       0x11 command/uptime.o
 .rodata.str1.1
                0x0000000000116555       0x1b command/sleep.o
 .rodata.str1.1
                0x0000000000116570       0x74 task/thread.o
 *(.data*)
 *fill*         0x00000000001165e4        0x4 
 .data          0x00000000001165e8       0x28 core/kernel.o
                0x00000000001165e8                GDT
                0x00000000001165f0                PML4
                0x00000000001165f8                PDP
                0x0000000000116600                PD
                0x0000000000116608                IDT
 .data          0x0000000000116610      0x600 graphics/graphics.o
                0x0000000000116610                fonts
                0x0000000000116c00                white
                0x0000000000116c04                red
                0x0000000000116c08                green
                0x0000000000116c0c                blue
 .data          0x0000000000116c10        0x0 util/util_asm.o
 .data          0x0000000000116c10        0x0 mm/memory_asm.o
 .data          0x0000000000116c10        0x0 debug/debug.o
 .data          0x0000000000116c10        0x0 interrupt/load_idt.o
 .data          0x0000000000116c10        0x8 interrupt/user_defined_handlers.o
                0x0000000000116c10                end_of_interrupt
 .data          0x0000000000116c18        0x0 device/keyboard.o
 .data          0x0000000000116c18       0x20 acpi/acpi.o
                0x0000000000116c18                LVT_Timer
                0x0000000000116c20                Initial_Count
                0x0000000000116c28                Current_Count
                0x0000000000116c30                Divide_Configuration
 .data          0x0000000000116c38        0x0 task/thread_asm.o
                0x0000000000116c38                __bss_start = .
 *(.bss)
 .bss           0x0000000000116c38       0x28 core/kernel.o
                0x0000000000116c38                vinfo_global
                0x0000000000116c40                rsdp
                0x0000000000116c48                start_mmap
                0x0000000000116c50                mmapsize
                0x0000000000116c58                memdescsize
 .bss           0x0000000000116c60        0x4 graphics/graphics.o
                0x0000000000116c60                black
 .bss           0x0000000000116c64        0x0 util/util_asm.o
 .bss           0x0000000000116c64        0x0 mm/memory_asm.o
 .bss           0x0000000000116c64        0x0 debug/debug.o
 .bss           0x0000000000116c64        0x0 interrupt/load_idt.o
 *fill*         0x0000000000116c64        0x4 
 .bss           0x0000000000116c68        0x8 interrupt/user_defined_handlers.o
                0x0000000000116c68                milli_clock
 .bss           0x0000000000116c70        0x0 device/keyboard.o
 .bss           0x0000000000116c70      0x510 app/console.o
                0x0000000000116c70                args_array
                0x0000000000117070                console_argv
                0x00000000001170f0                output
                0x0000000000117130                shift
                0x0000000000117134                text_x
                0x0000000000117138                text_y
                0x000000000011713c                keycode
                0x000000000011713d                text_buf
                0x000000000011717f                oldkeycode
 .bss           0x0000000000117180        0x8 acpi/acpi.o
                0x0000000000117180                lapic_freq
 *fill*         0x0000000000117188        0x8 
 .bss           0x0000000000117190    0x30100 task/thread.o
                0x0000000000117190                current_thread_index
                0x0000000000117198                timer_period
                0x00000000001171a0                previous_interrupt
                0x00000000001171b0                threads
                0x0000000000117290                stack0
                0x000000000011f290                stack1
                0x0000000000127290                stack2
                0x000000000012f290                stack3
                0x0000000000137290                stack4
                0x000000000013f290                stack5
 .bss           0x0000000000147290        0x0 task/thread_asm.o
                0x0000000000147290                __bss_end = .

/DISCARD/
 *(.eh_frame)
LOAD core/kernel.o
LOAD graphics/graphics.o
LOAD util/util.o
LOAD util/util_asm.o
LOAD init/init_settings.o
LOAD mm/segmentation.o
LOAD mm/paging.o
LOAD mm/memory.o
LOAD mm/memory_asm.o
LOAD debug/debug.o
LOAD interrupt/load_idt.o
LOAD interrupt/interrupt.o
LOAD interrupt/fault_handlers.o
LOAD interrupt/user_defined_handlers.o
LOAD device/keyboard.o
LOAD device/keyinput.o
LOAD app/console.o
LOAD acpi/acpi.o
LOAD command/echo.o
LOAD command/uptime.o
LOAD command/sleep.o
LOAD task/thread.o
LOAD task/thread_asm.o
OUTPUT(kernel.bin binary)

.comment        0x0000000000000000      0x3a7
 .comment       0x0000000000000000       0x37 core/kernel.o
 .comment       0x0000000000000037       0x37 graphics/graphics.o
 .comment       0x000000000000006e       0x37 util/util.o
 .comment       0x00000000000000a5       0x37 init/init_settings.o
 .comment       0x00000000000000dc       0x37 mm/segmentation.o
 .comment       0x0000000000000113       0x37 mm/paging.o
 .comment       0x000000000000014a       0x37 mm/memory.o
 .comment       0x0000000000000181       0x37 interrupt/interrupt.o
 .comment       0x00000000000001b8       0x37 interrupt/fault_handlers.o
 .comment       0x00000000000001ef       0x37 interrupt/user_defined_handlers.o
 .comment       0x0000000000000226       0x37 device/keyinput.o
 .comment       0x000000000000025d       0x37 app/console.o
 .comment       0x0000000000000294       0x37 acpi/acpi.o
 .comment       0x00000000000002cb       0x37 command/echo.o
 .comment       0x0000000000000302       0x37 command/uptime.o
 .comment       0x0000000000000339       0x37 command/sleep.o
 .comment       0x0000000000000370       0x37 task/thread.o

.note.GNU-stack
                0x0000000000000000        0x0
 .note.GNU-stack
                0x0000000000000000        0x0 core/kernel.o
 .note.GNU-stack
                0x0000000000000000        0x0 graphics/graphics.o
 .note.GNU-stack
                0x0000000000000000        0x0 util/util.o
 .note.GNU-stack
                0x0000000000000000        0x0 init/init_settings.o
 .note.GNU-stack
                0x0000000000000000        0x0 mm/segmentation.o
 .note.GNU-stack
                0x0000000000000000        0x0 mm/paging.o
 .note.GNU-stack
                0x0000000000000000        0x0 mm/memory.o
 .note.GNU-stack
                0x0000000000000000        0x0 interrupt/interrupt.o
 .note.GNU-stack
                0x0000000000000000        0x0 interrupt/fault_handlers.o
 .note.GNU-stack
                0x0000000000000000        0x0 interrupt/user_defined_handlers.o
 .note.GNU-stack
                0x0000000000000000        0x0 device/keyinput.o
 .note.GNU-stack
                0x0000000000000000        0x0 app/console.o
 .note.GNU-stack
                0x0000000000000000        0x0 acpi/acpi.o
 .note.GNU-stack
                0x0000000000000000        0x0 command/echo.o
 .note.GNU-stack
                0x0000000000000000        0x0 command/uptime.o
 .note.GNU-stack
                0x0000000000000000        0x0 command/sleep.o
 .note.GNU-stack
                0x0000000000000000        0x0 task/thread.o
