
Discarded input sections

 .debug_str     0x0000000000000000      0x25e core/kernel.o
 .debug_abbrev  0x0000000000000000       0xb7 core/kernel.o
 .debug_info    0x0000000000000000      0x38c core/kernel.o
 .debug_ranges  0x0000000000000000        0x0 core/kernel.o
 .debug_macinfo
                0x0000000000000000        0x1 core/kernel.o
 .debug_pubnames
                0x0000000000000000       0xa2 core/kernel.o
 .debug_pubtypes
                0x0000000000000000      0x104 core/kernel.o
 .eh_frame      0x0000000000000000       0x50 core/kernel.o
 .debug_line    0x0000000000000000      0x15c core/kernel.o
 .debug_str     0x0000000000000000      0x1ca graphics/graphics.o
 .debug_abbrev  0x0000000000000000       0xba graphics/graphics.o
 .debug_info    0x0000000000000000      0x49f graphics/graphics.o
 .debug_ranges  0x0000000000000000        0x0 graphics/graphics.o
 .debug_macinfo
                0x0000000000000000        0x1 graphics/graphics.o
 .debug_pubnames
                0x0000000000000000       0x8b graphics/graphics.o
 .debug_pubtypes
                0x0000000000000000       0xcc graphics/graphics.o
 .eh_frame      0x0000000000000000       0xa8 graphics/graphics.o
 .debug_line    0x0000000000000000      0x59e graphics/graphics.o
 .debug_str     0x0000000000000000      0x2ae util/util.o
 .debug_loc     0x0000000000000000       0x39 util/util.o
 .debug_abbrev  0x0000000000000000      0x14d util/util.o
 .debug_info    0x0000000000000000      0x7ef util/util.o
 .debug_ranges  0x0000000000000000        0x0 util/util.o
 .debug_macinfo
                0x0000000000000000        0x1 util/util.o
 .debug_pubnames
                0x0000000000000000      0x19a util/util.o
 .debug_pubtypes
                0x0000000000000000       0xcc util/util.o
 .eh_frame      0x0000000000000000      0x2b8 util/util.o
 .debug_line    0x0000000000000000      0x854 util/util.o
 .debug_str     0x0000000000000000       0x95 init/bss.o
 .debug_abbrev  0x0000000000000000       0x53 init/bss.o
 .debug_info    0x0000000000000000       0x7a init/bss.o
 .debug_ranges  0x0000000000000000        0x0 init/bss.o
 .debug_macinfo
                0x0000000000000000        0x1 init/bss.o
 .debug_pubnames
                0x0000000000000000       0x1f init/bss.o
 .debug_pubtypes
                0x0000000000000000       0x3e init/bss.o
 .eh_frame      0x0000000000000000       0x38 init/bss.o
 .debug_line    0x0000000000000000       0xa2 init/bss.o
 .debug_str     0x0000000000000000      0x220 init/init_global_variables.o
 .debug_abbrev  0x0000000000000000       0x91 init/init_global_variables.o
 .debug_info    0x0000000000000000      0x269 init/init_global_variables.o
 .debug_ranges  0x0000000000000000        0x0 init/init_global_variables.o
 .debug_macinfo
                0x0000000000000000        0x1 init/init_global_variables.o
 .debug_pubnames
                0x0000000000000000       0x2c init/init_global_variables.o
 .debug_pubtypes
                0x0000000000000000       0xf0 init/init_global_variables.o
 .eh_frame      0x0000000000000000       0x38 init/init_global_variables.o
 .debug_line    0x0000000000000000       0xd1 init/init_global_variables.o
 .debug_str     0x0000000000000000       0x6f init/init_gdt.o
 .debug_abbrev  0x0000000000000000       0x2c init/init_gdt.o
 .debug_info    0x0000000000000000       0x40 init/init_gdt.o
 .debug_ranges  0x0000000000000000        0x0 init/init_gdt.o
 .debug_macinfo
                0x0000000000000000        0x1 init/init_gdt.o
 .debug_pubnames
                0x0000000000000000       0x1f init/init_gdt.o
 .debug_pubtypes
                0x0000000000000000       0x12 init/init_gdt.o
 .eh_frame      0x0000000000000000       0x38 init/init_gdt.o
 .debug_line    0x0000000000000000       0x70 init/init_gdt.o
 .debug_str     0x0000000000000000       0x75 init/init_paging.o
 .debug_abbrev  0x0000000000000000       0x2c init/init_paging.o
 .debug_info    0x0000000000000000       0x40 init/init_paging.o
 .debug_ranges  0x0000000000000000        0x0 init/init_paging.o
 .debug_macinfo
                0x0000000000000000        0x1 init/init_paging.o
 .debug_pubnames
                0x0000000000000000       0x22 init/init_paging.o
 .debug_pubtypes
                0x0000000000000000       0x12 init/init_paging.o
 .eh_frame      0x0000000000000000       0x38 init/init_paging.o
 .debug_line    0x0000000000000000       0x5f init/init_paging.o
 .debug_str     0x0000000000000000       0xa7 init/init_interrupt.o
 .debug_abbrev  0x0000000000000000       0x5c init/init_interrupt.o
 .debug_info    0x0000000000000000       0x81 init/init_interrupt.o
 .debug_ranges  0x0000000000000000        0x0 init/init_interrupt.o
 .debug_macinfo
                0x0000000000000000        0x1 init/init_interrupt.o
 .debug_pubnames
                0x0000000000000000       0x25 init/init_interrupt.o
 .debug_pubtypes
                0x0000000000000000       0x4c init/init_interrupt.o
 .eh_frame      0x0000000000000000       0x38 init/init_interrupt.o
 .debug_line    0x0000000000000000       0xe7 init/init_interrupt.o
 .debug_str     0x0000000000000000       0xf2 init/init_graphics.o
 .debug_abbrev  0x0000000000000000       0x7f init/init_graphics.o
 .debug_info    0x0000000000000000      0x129 init/init_graphics.o
 .debug_ranges  0x0000000000000000        0x0 init/init_graphics.o
 .debug_macinfo
                0x0000000000000000        0x1 init/init_graphics.o
 .debug_pubnames
                0x0000000000000000       0x24 init/init_graphics.o
 .debug_pubtypes
                0x0000000000000000       0x7a init/init_graphics.o
 .eh_frame      0x0000000000000000       0x38 init/init_graphics.o
 .debug_line    0x0000000000000000      0x108 init/init_graphics.o
 .debug_str     0x0000000000000000       0xed mm/segmentation.o
 .debug_abbrev  0x0000000000000000       0x64 mm/segmentation.o
 .debug_info    0x0000000000000000       0xb7 mm/segmentation.o
 .debug_ranges  0x0000000000000000        0x0 mm/segmentation.o
 .debug_macinfo
                0x0000000000000000        0x1 mm/segmentation.o
 .debug_pubnames
                0x0000000000000000       0x2e mm/segmentation.o
 .debug_pubtypes
                0x0000000000000000       0x71 mm/segmentation.o
 .eh_frame      0x0000000000000000       0x38 mm/segmentation.o
 .debug_line    0x0000000000000000       0xad mm/segmentation.o
 .debug_str     0x0000000000000000       0xc1 mm/paging.o
 .debug_abbrev  0x0000000000000000       0x69 mm/paging.o
 .debug_info    0x0000000000000000       0xa9 mm/paging.o
 .debug_ranges  0x0000000000000000        0x0 mm/paging.o
 .debug_macinfo
                0x0000000000000000        0x1 mm/paging.o
 .debug_pubnames
                0x0000000000000000       0x25 mm/paging.o
 .debug_pubtypes
                0x0000000000000000       0x59 mm/paging.o
 .eh_frame      0x0000000000000000       0x38 mm/paging.o
 .debug_line    0x0000000000000000      0x110 mm/paging.o
 .debug_str     0x0000000000000000       0xee mm/memory.o
 .debug_abbrev  0x0000000000000000       0x72 mm/memory.o
 .debug_info    0x0000000000000000      0x13d mm/memory.o
 .debug_ranges  0x0000000000000000        0x0 mm/memory.o
 .debug_macinfo
                0x0000000000000000        0x1 mm/memory.o
 .debug_pubnames
                0x0000000000000000       0x3a mm/memory.o
 .debug_pubtypes
                0x0000000000000000       0x71 mm/memory.o
 .eh_frame      0x0000000000000000       0x50 mm/memory.o
 .debug_line    0x0000000000000000      0x151 mm/memory.o
 .debug_str     0x0000000000000000      0x10a interrupt/interrupt.o
 .debug_abbrev  0x0000000000000000       0x95 interrupt/interrupt.o
 .debug_info    0x0000000000000000      0x107 interrupt/interrupt.o
 .debug_ranges  0x0000000000000000        0x0 interrupt/interrupt.o
 .debug_macinfo
                0x0000000000000000        0x1 interrupt/interrupt.o
 .debug_pubnames
                0x0000000000000000       0x38 interrupt/interrupt.o
 .debug_pubtypes
                0x0000000000000000       0x85 interrupt/interrupt.o
 .eh_frame      0x0000000000000000       0x50 interrupt/interrupt.o
 .debug_line    0x0000000000000000       0xf3 interrupt/interrupt.o
 .debug_str     0x0000000000000000       0xf3 interrupt/fault_handler.o
 .debug_abbrev  0x0000000000000000       0x8b interrupt/fault_handler.o
 .debug_info    0x0000000000000000       0xef interrupt/fault_handler.o
 .debug_ranges  0x0000000000000000        0x0 interrupt/fault_handler.o
 .debug_macinfo
                0x0000000000000000        0x1 interrupt/fault_handler.o
 .debug_pubnames
                0x0000000000000000       0x46 interrupt/fault_handler.o
 .debug_pubtypes
                0x0000000000000000       0x57 interrupt/fault_handler.o
 .eh_frame      0x0000000000000000       0xa0 interrupt/fault_handler.o
 .debug_line    0x0000000000000000      0x127 interrupt/fault_handler.o
 .debug_str     0x0000000000000000      0x154 interrupt/user_defined_handler.o
 .debug_abbrev  0x0000000000000000       0x9c interrupt/user_defined_handler.o
 .debug_info    0x0000000000000000      0x1a4 interrupt/user_defined_handler.o
 .debug_ranges  0x0000000000000000        0x0 interrupt/user_defined_handler.o
 .debug_macinfo
                0x0000000000000000        0x1 interrupt/user_defined_handler.o
 .debug_pubnames
                0x0000000000000000       0xc3 interrupt/user_defined_handler.o
 .debug_pubtypes
                0x0000000000000000       0x57 interrupt/user_defined_handler.o
 .eh_frame      0x0000000000000000      0x1e0 interrupt/user_defined_handler.o
 .debug_line    0x0000000000000000      0x13d interrupt/user_defined_handler.o
 .debug_str     0x0000000000000000      0x1c2 device/keyinput.o
 .debug_abbrev  0x0000000000000000      0x118 device/keyinput.o
 .debug_info    0x0000000000000000      0x287 device/keyinput.o
 .debug_ranges  0x0000000000000000        0x0 device/keyinput.o
 .debug_macinfo
                0x0000000000000000        0x1 device/keyinput.o
 .debug_pubnames
                0x0000000000000000       0xf8 device/keyinput.o
 .debug_pubtypes
                0x0000000000000000       0xa6 device/keyinput.o
 .eh_frame      0x0000000000000000      0x168 device/keyinput.o
 .debug_line    0x0000000000000000      0x565 device/keyinput.o
 .debug_str     0x0000000000000000      0x18a app/console.o
 .debug_abbrev  0x0000000000000000       0xe2 app/console.o
 .debug_info    0x0000000000000000      0x2c1 app/console.o
 .debug_ranges  0x0000000000000000        0x0 app/console.o
 .debug_macinfo
                0x0000000000000000        0x1 app/console.o
 .debug_pubnames
                0x0000000000000000       0xdb app/console.o
 .debug_pubtypes
                0x0000000000000000       0x8e app/console.o
 .eh_frame      0x0000000000000000       0xc0 app/console.o
 .debug_line    0x0000000000000000      0x3ce app/console.o
 .debug_str     0x0000000000000000      0x293 acpi/acpi.o
 .debug_abbrev  0x0000000000000000       0xf1 acpi/acpi.o
 .debug_info    0x0000000000000000      0x3c4 acpi/acpi.o
 .debug_ranges  0x0000000000000000        0x0 acpi/acpi.o
 .debug_macinfo
                0x0000000000000000        0x1 acpi/acpi.o
 .debug_pubnames
                0x0000000000000000       0xde acpi/acpi.o
 .debug_pubtypes
                0x0000000000000000       0xd9 acpi/acpi.o
 .eh_frame      0x0000000000000000       0x88 acpi/acpi.o
 .debug_line    0x0000000000000000      0x26b acpi/acpi.o
 .debug_str     0x0000000000000000       0x7d command/echo.o
 .debug_abbrev  0x0000000000000000       0x4d command/echo.o
 .debug_info    0x0000000000000000       0x75 command/echo.o
 .debug_ranges  0x0000000000000000        0x0 command/echo.o
 .debug_macinfo
                0x0000000000000000        0x1 command/echo.o
 .debug_pubnames
                0x0000000000000000       0x1b command/echo.o
 .debug_pubtypes
                0x0000000000000000       0x23 command/echo.o
 .eh_frame      0x0000000000000000       0x38 command/echo.o
 .debug_line    0x0000000000000000       0x7d command/echo.o
 .debug_str     0x0000000000000000       0x93 command/uptime.o
 .debug_abbrev  0x0000000000000000       0x80 command/uptime.o
 .debug_info    0x0000000000000000       0xa4 command/uptime.o
 .debug_ranges  0x0000000000000000        0x0 command/uptime.o
 .debug_macinfo
                0x0000000000000000        0x1 command/uptime.o
 .debug_pubnames
                0x0000000000000000       0x1d command/uptime.o
 .debug_pubtypes
                0x0000000000000000       0x23 command/uptime.o
 .eh_frame      0x0000000000000000       0x38 command/uptime.o
 .debug_line    0x0000000000000000       0x6e command/uptime.o
 .debug_str     0x0000000000000000       0xb9 command/sleep.o
 .debug_abbrev  0x0000000000000000       0x72 command/sleep.o
 .debug_info    0x0000000000000000       0xbc command/sleep.o
 .debug_ranges  0x0000000000000000        0x0 command/sleep.o
 .debug_macinfo
                0x0000000000000000        0x1 command/sleep.o
 .debug_pubnames
                0x0000000000000000       0x1c command/sleep.o
 .debug_pubtypes
                0x0000000000000000       0x55 command/sleep.o
 .eh_frame      0x0000000000000000       0x38 command/sleep.o
 .debug_line    0x0000000000000000       0xcd command/sleep.o

Memory Configuration

Name             Origin             Length             Attributes
HEAD             0x0000000000000000 0x00000000000e1000 xrw
BODY             0x0000000000110000 0x0000000000100000 xrw
*default*        0x0000000000000000 0xffffffffffffffff

Linker script and memory map


.body           0x0000000000110000     0x65f8
 *(.text)
 .text          0x0000000000110000      0x2a8 core/kernel.o
                0x0000000000110000                start_kernel
                0x0000000000110030                main_routine
 *fill*         0x00000000001102a8        0x8 
 .text          0x00000000001102b0      0x8a7 graphics/graphics.o
                0x00000000001102b0                _draw_dot
                0x0000000000110330                draw_square
                0x0000000000110410                putchar
                0x0000000000110700                putstr
                0x0000000000110780                putnum
 *fill*         0x0000000000110b57        0x9 
 .text          0x0000000000110b60      0xf8c util/util.o
                0x0000000000110b60                memset
                0x0000000000110bc0                memcpy
                0x0000000000110c30                pow
                0x0000000000110c90                gen_buf_u64
                0x0000000000110d30                buf_u64_isempty
                0x0000000000110d70                buf_u64_isfull
                0x0000000000110dd0                enqueue_u64
                0x0000000000110e50                dequeue_u64
                0x0000000000110ed0                flush_buf_u64
                0x0000000000110f30                gen_buf_char
                0x0000000000110fa0                buf_char_isempty
                0x0000000000110fd0                buf_char_isfull
                0x0000000000111020                enqueue_char
                0x00000000001110a0                dequeue_char
                0x0000000000111120                flush_buf_char
                0x0000000000111170                flush_array_char
                0x00000000001111f0                flush_argv
                0x0000000000111280                comptext
                0x0000000000111360                strncmp
                0x0000000000111400                sprintf
                0x0000000000111480                u64_to_hexstr
                0x0000000000111840                demchar_to_u64
                0x0000000000111970                demstr_to_u64
                0x0000000000111a90                null_to_space
 .text          0x0000000000111aec       0x60 util/util_asm.o
                0x0000000000111aec                io_cli
                0x0000000000111aee                io_sti
                0x0000000000111af0                io_inb
                0x0000000000111af5                io_in32
                0x0000000000111afa                io_out32
                0x0000000000111b02                io_outb
                0x0000000000111b0a                io_rdmsr
                0x0000000000111b17                io_wrmsr
                0x0000000000111b20                init_irq
                0x0000000000111b47                send_eoi
 *fill*         0x0000000000111b4c        0x4 
 .text          0x0000000000111b50       0x60 init/bss.o
                0x0000000000111b50                init_bss
 .text          0x0000000000111bb0       0x5b init/init_global_variables.o
                0x0000000000111bb0                init_global_variables
 *fill*         0x0000000000111c0b        0x5 
 .text          0x0000000000111c10       0x73 init/init_gdt.o
                0x0000000000111c10                init_gdt
 *fill*         0x0000000000111c83        0xd 
 .text          0x0000000000111c90       0x30 init/init_paging.o
                0x0000000000111c90                init_paging
 .text          0x0000000000111cc0      0x24b init/init_interrupt.o
                0x0000000000111cc0                init_interrupt
 *fill*         0x0000000000111f0b        0x5 
 .text          0x0000000000111f10       0xaa init/init_graphics.o
                0x0000000000111f10                init_graphics
 *fill*         0x0000000000111fba        0x6 
 .text          0x0000000000111fc0       0x6e mm/segmentation.o
                0x0000000000111fc0                make_segment_descriptor
 .text          0x000000000011202e       0x18 mm/load_gdt.o
                0x000000000011202e                load_gdt
 .text          0x0000000000112046       0x28 mm/set_segment_register.o
                0x0000000000112046                set_segment_register
                0x0000000000112068                main_label
 .text          0x000000000011206e        0xb mm/load_pgtable.o
                0x000000000011206e                load_pgtable
 *fill*         0x0000000000112079        0x7 
 .text          0x0000000000112080      0x11c mm/paging.o
                0x0000000000112080                create_pgtable
 *fill*         0x000000000011219c        0x4 
 .text          0x00000000001121a0      0x15c mm/memory.o
                0x00000000001121a0                calc_mem_size
                0x0000000000112210                calc_mem_size_sub
 .text          0x00000000001122fc        0xb mm/memory_asm.o
                0x00000000001122fc                load_cr0
                0x0000000000112300                store_cr0
 .text          0x0000000000112307       0x17 debug/debug.o
                0x0000000000112307                insert_to_reg
                0x000000000011230b                get_cr3
                0x000000000011230f                get_cr4
                0x0000000000112313                get_efer
                0x000000000011231b                generate_gp
 .text          0x000000000011231e       0x18 interrupt/load_idt.o
                0x000000000011231e                load_idt
 *fill*         0x0000000000112336        0xa 
 .text          0x0000000000112340      0x12a interrupt/interrupt.o
                0x0000000000112340                make_gate_descriptor
                0x00000000001123b0                init_pic
 *fill*         0x000000000011246a        0x6 
 .text          0x0000000000112470      0x25b interrupt/fault_handler.o
                0x0000000000112470                gp_handler
                0x00000000001124b0                gp_handler_deluxe
                0x0000000000112690                pf_handler
 *fill*         0x00000000001126cb        0x5 
 .text          0x00000000001126d0      0x725 interrupt/user_defined_handler.o
                0x00000000001126d0                timer_handler
                0x0000000000112820                keyboard_handler
                0x0000000000112980                keyboard_handler_dash
                0x00000000001129c0                com1_handler
                0x0000000000112b30                com1_handler_dash
                0x0000000000112b80                mouse_handler
                0x0000000000112cd0                empty_handler
 .text          0x0000000000112df5      0x109 interrupt/handler_caller.o
                0x0000000000112df5                general_protection
                0x0000000000112e2a                page_fault
                0x0000000000112e5f                timer_interrupt
                0x0000000000112e94                keyboard_interrupt
                0x0000000000112ec9                com1_interrupt
 .text          0x0000000000112efe        0x6 device/keyboard.o
                0x0000000000112efe                read_kbd_signal
                0x0000000000112f01                read_kbd_status
 *fill*         0x0000000000112f04        0xc 
 .text          0x0000000000112f10      0xef7 device/keyinput.o
                0x0000000000112f10                init_serial
                0x0000000000112f90                serial_received
                0x0000000000112fb0                wait_serial_input
                0x0000000000112fe0                read_serial
                0x0000000000113010                serial_thr_empty
                0x0000000000113030                write_serial
                0x0000000000113070                puts_serial
                0x00000000001130d0                ps2_received
                0x0000000000113110                read_ps2
                0x0000000000113150                map_scan_to_ascii_set1
                0x00000000001135d0                map_scan_to_ascii_set2
                0x0000000000113a50                putnum_serial
 *fill*         0x0000000000113e07        0x9 
 .text          0x0000000000113e10      0x77d app/console.o
                0x0000000000113e10                readline_serial
                0x0000000000113fa0                readline_ps2
                0x0000000000114100                parse_line
                0x00000000001142e0                do_command
                0x0000000000114460                writelines
                0x0000000000114500                console
 *fill*         0x000000000011458d        0x3 
 .text          0x0000000000114590      0x44f acpi/acpi.o
                0x0000000000114590                get_xsdt_other_table
                0x0000000000114660                wait_milliseconds
                0x0000000000114760                measure_freq
                0x00000000001147e0                init_local_APIC
 *fill*         0x00000000001149df        0x1 
 .text          0x00000000001149e0       0xa9 command/echo.o
                0x00000000001149e0                echo
 *fill*         0x0000000000114a89        0x7 
 .text          0x0000000000114a90       0x61 command/uptime.o
                0x0000000000114a90                uptime
 *fill*         0x0000000000114af1        0xf 
 .text          0x0000000000114b00       0xc4 command/sleep.o
                0x0000000000114b00                sleep
 *(.rodata*)
 .rodata.str1.1
                0x0000000000114bc4       0x85 core/kernel.o
 .rodata.str1.1
                0x0000000000114c49       0x3b interrupt/fault_handler.o
 .rodata.str1.1
                0x0000000000114c84       0x6c interrupt/user_defined_handler.o
 .rodata        0x0000000000114cf0      0xf80 device/keyinput.o
 .rodata.str1.1
                0x0000000000115c70       0x57 app/console.o
 *fill*         0x0000000000115cc7        0x1 
 .rodata        0x0000000000115cc8        0x8 acpi/acpi.o
                0x0000000000115cc8                PMTimerFreq
                0x0000000000115ccc                Max_Count
 .rodata.str1.1
                0x0000000000115cd0       0xfa acpi/acpi.o
 .rodata.str1.1
                0x0000000000115dca       0x22 command/echo.o
 .rodata.str1.1
                0x0000000000115dec       0x11 command/uptime.o
 .rodata.str1.1
                0x0000000000115dfd       0x1b command/sleep.o
 *(.data*)
 .data          0x0000000000115e18       0x28 core/kernel.o
                0x0000000000115e18                GDT
                0x0000000000115e20                PML4
                0x0000000000115e28                PDP
                0x0000000000115e30                PD
                0x0000000000115e38                IDT
 .data          0x0000000000115e40      0x600 graphics/graphics.o
                0x0000000000115e40                fonts
                0x0000000000116430                white
                0x0000000000116434                red
                0x0000000000116438                green
                0x000000000011643c                blue
 .data          0x0000000000116440        0x0 util/util_asm.o
 .data          0x0000000000116440        0x0 mm/load_gdt.o
 .data          0x0000000000116440        0x0 mm/set_segment_register.o
 .data          0x0000000000116440        0x0 mm/load_pgtable.o
 .data          0x0000000000116440        0x0 mm/memory_asm.o
 .data          0x0000000000116440        0x0 debug/debug.o
 .data          0x0000000000116440        0x0 interrupt/load_idt.o
 .data          0x0000000000116440        0x8 interrupt/user_defined_handler.o
                0x0000000000116440                end_of_interrupt
 .data          0x0000000000116448        0x0 interrupt/handler_caller.o
 .data          0x0000000000116448        0x0 device/keyboard.o
 .data          0x0000000000116448       0x20 acpi/acpi.o
                0x0000000000116448                LVT_Timer
                0x0000000000116450                Initial_Count
                0x0000000000116458                Current_Count
                0x0000000000116460                Divide_Configuration
                0x0000000000116468                __bss_start = .
 *(.bss)
 .bss           0x0000000000116468       0x28 core/kernel.o
                0x0000000000116468                vinfo_global
                0x0000000000116470                mmapsize
                0x0000000000116478                memdescsize
                0x0000000000116480                rsdp
                0x0000000000116488                start_mmap
 .bss           0x0000000000116490        0x4 graphics/graphics.o
                0x0000000000116490                black
 .bss           0x0000000000116494        0x0 util/util_asm.o
 .bss           0x0000000000116494        0x0 mm/load_gdt.o
 .bss           0x0000000000116494        0x0 mm/set_segment_register.o
 .bss           0x0000000000116494        0x0 mm/load_pgtable.o
 .bss           0x0000000000116494        0x0 mm/memory_asm.o
 .bss           0x0000000000116494        0x0 debug/debug.o
 .bss           0x0000000000116494        0x0 interrupt/load_idt.o
 *fill*         0x0000000000116494        0x4 
 .bss           0x0000000000116498        0x8 interrupt/user_defined_handler.o
                0x0000000000116498                milli_clock
 .bss           0x00000000001164a0        0x0 interrupt/handler_caller.o
 .bss           0x00000000001164a0        0x0 device/keyboard.o
 .bss           0x00000000001164a0      0x150 app/console.o
                0x00000000001164a0                args_array
                0x0000000000116520                argv
                0x0000000000116560                output
                0x00000000001165a0                shift
                0x00000000001165a4                text_x
                0x00000000001165a8                text_y
                0x00000000001165ac                keycode
                0x00000000001165ad                text_buf
                0x00000000001165ef                oldkeycode
 .bss           0x00000000001165f0        0x8 acpi/acpi.o
                0x00000000001165f0                lapic_freq
                0x00000000001165f8                __bss_end = .

/DISCARD/
 *(.eh_frame)
LOAD core/kernel.o
LOAD graphics/graphics.o
LOAD util/util.o
LOAD util/util_asm.o
LOAD init/bss.o
LOAD init/init_global_variables.o
LOAD init/init_gdt.o
LOAD init/init_paging.o
LOAD init/init_interrupt.o
LOAD init/init_graphics.o
LOAD mm/segmentation.o
LOAD mm/load_gdt.o
LOAD mm/set_segment_register.o
LOAD mm/load_pgtable.o
LOAD mm/paging.o
LOAD mm/memory.o
LOAD mm/memory_asm.o
LOAD debug/debug.o
LOAD interrupt/load_idt.o
LOAD interrupt/interrupt.o
LOAD interrupt/fault_handler.o
LOAD interrupt/user_defined_handler.o
LOAD interrupt/handler_caller.o
LOAD device/keyboard.o
LOAD device/keyinput.o
LOAD app/console.o
LOAD acpi/acpi.o
LOAD command/echo.o
LOAD command/uptime.o
LOAD command/sleep.o
OUTPUT(kernel.bin binary)

.comment        0x0000000000000000      0x483
 .comment       0x0000000000000000       0x37 core/kernel.o
 .comment       0x0000000000000037       0x37 graphics/graphics.o
 .comment       0x000000000000006e       0x37 util/util.o
 .comment       0x00000000000000a5       0x37 init/bss.o
 .comment       0x00000000000000dc       0x37 init/init_global_variables.o
 .comment       0x0000000000000113       0x37 init/init_gdt.o
 .comment       0x000000000000014a       0x37 init/init_paging.o
 .comment       0x0000000000000181       0x37 init/init_interrupt.o
 .comment       0x00000000000001b8       0x37 init/init_graphics.o
 .comment       0x00000000000001ef       0x37 mm/segmentation.o
 .comment       0x0000000000000226       0x37 mm/paging.o
 .comment       0x000000000000025d       0x37 mm/memory.o
 .comment       0x0000000000000294       0x37 interrupt/interrupt.o
 .comment       0x00000000000002cb       0x37 interrupt/fault_handler.o
 .comment       0x0000000000000302       0x37 interrupt/user_defined_handler.o
 .comment       0x0000000000000339       0x37 device/keyinput.o
 .comment       0x0000000000000370       0x37 app/console.o
 .comment       0x00000000000003a7       0x37 acpi/acpi.o
 .comment       0x00000000000003de       0x37 command/echo.o
 .comment       0x0000000000000415       0x37 command/uptime.o
 .comment       0x000000000000044c       0x37 command/sleep.o

.note.GNU-stack
                0x0000000000000000        0x0
 .note.GNU-stack
                0x0000000000000000        0x0 core/kernel.o
 .note.GNU-stack
                0x0000000000000000        0x0 graphics/graphics.o
 .note.GNU-stack
                0x0000000000000000        0x0 util/util.o
 .note.GNU-stack
                0x0000000000000000        0x0 init/bss.o
 .note.GNU-stack
                0x0000000000000000        0x0 init/init_global_variables.o
 .note.GNU-stack
                0x0000000000000000        0x0 init/init_gdt.o
 .note.GNU-stack
                0x0000000000000000        0x0 init/init_paging.o
 .note.GNU-stack
                0x0000000000000000        0x0 init/init_interrupt.o
 .note.GNU-stack
                0x0000000000000000        0x0 init/init_graphics.o
 .note.GNU-stack
                0x0000000000000000        0x0 mm/segmentation.o
 .note.GNU-stack
                0x0000000000000000        0x0 mm/paging.o
 .note.GNU-stack
                0x0000000000000000        0x0 mm/memory.o
 .note.GNU-stack
                0x0000000000000000        0x0 interrupt/interrupt.o
 .note.GNU-stack
                0x0000000000000000        0x0 interrupt/fault_handler.o
 .note.GNU-stack
                0x0000000000000000        0x0 interrupt/user_defined_handler.o
 .note.GNU-stack
                0x0000000000000000        0x0 device/keyinput.o
 .note.GNU-stack
                0x0000000000000000        0x0 app/console.o
 .note.GNU-stack
                0x0000000000000000        0x0 acpi/acpi.o
 .note.GNU-stack
                0x0000000000000000        0x0 command/echo.o
 .note.GNU-stack
                0x0000000000000000        0x0 command/uptime.o
 .note.GNU-stack
                0x0000000000000000        0x0 command/sleep.o
